Archive member included to satisfy reference by file (symbol)

/home/vanmanh/tool/arm-gnu-toolchain-13.3.rel1-x86_64-arm-none-eabi/bin/../lib/gcc/arm-none-eabi/13.3.1/../../../../arm-none-eabi/lib/thumb/v7e-m+fp/hard/libc_nano.a(libc_a-exit.o)
                              /home/vanmanh/tool/arm-gnu-toolchain-13.3.rel1-x86_64-arm-none-eabi/bin/../lib/gcc/arm-none-eabi/13.3.1/../../../../arm-none-eabi/lib/thumb/v7e-m+fp/hard/crt0.o (exit)
/home/vanmanh/tool/arm-gnu-toolchain-13.3.rel1-x86_64-arm-none-eabi/bin/../lib/gcc/arm-none-eabi/13.3.1/../../../../arm-none-eabi/lib/thumb/v7e-m+fp/hard/libc_nano.a(libc_a-errno.o)
                              build/sysmem.o (__errno)
/home/vanmanh/tool/arm-gnu-toolchain-13.3.rel1-x86_64-arm-none-eabi/bin/../lib/gcc/arm-none-eabi/13.3.1/../../../../arm-none-eabi/lib/thumb/v7e-m+fp/hard/libc_nano.a(libc_a-init.o)
                              /home/vanmanh/tool/arm-gnu-toolchain-13.3.rel1-x86_64-arm-none-eabi/bin/../lib/gcc/arm-none-eabi/13.3.1/../../../../arm-none-eabi/lib/thumb/v7e-m+fp/hard/crt0.o (__libc_init_array)
/home/vanmanh/tool/arm-gnu-toolchain-13.3.rel1-x86_64-arm-none-eabi/bin/../lib/gcc/arm-none-eabi/13.3.1/../../../../arm-none-eabi/lib/thumb/v7e-m+fp/hard/libc_nano.a(libc_a-memset.o)
                              /home/vanmanh/tool/arm-gnu-toolchain-13.3.rel1-x86_64-arm-none-eabi/bin/../lib/gcc/arm-none-eabi/13.3.1/../../../../arm-none-eabi/lib/thumb/v7e-m+fp/hard/crt0.o (memset)
/home/vanmanh/tool/arm-gnu-toolchain-13.3.rel1-x86_64-arm-none-eabi/bin/../lib/gcc/arm-none-eabi/13.3.1/../../../../arm-none-eabi/lib/thumb/v7e-m+fp/hard/libc_nano.a(libc_a-impure.o)
                              /home/vanmanh/tool/arm-gnu-toolchain-13.3.rel1-x86_64-arm-none-eabi/bin/../lib/gcc/arm-none-eabi/13.3.1/../../../../arm-none-eabi/lib/thumb/v7e-m+fp/hard/libc_nano.a(libc_a-errno.o) (_impure_ptr)
/home/vanmanh/tool/arm-gnu-toolchain-13.3.rel1-x86_64-arm-none-eabi/bin/../lib/gcc/arm-none-eabi/13.3.1/../../../../arm-none-eabi/lib/thumb/v7e-m+fp/hard/libc_nano.a(libc_a-findfp.o)
                              /home/vanmanh/tool/arm-gnu-toolchain-13.3.rel1-x86_64-arm-none-eabi/bin/../lib/gcc/arm-none-eabi/13.3.1/../../../../arm-none-eabi/lib/thumb/v7e-m+fp/hard/libc_nano.a(libc_a-exit.o) (__stdio_exit_handler)
/home/vanmanh/tool/arm-gnu-toolchain-13.3.rel1-x86_64-arm-none-eabi/bin/../lib/gcc/arm-none-eabi/13.3.1/../../../../arm-none-eabi/lib/thumb/v7e-m+fp/hard/libc_nano.a(libc_a-stdio.o)
                              /home/vanmanh/tool/arm-gnu-toolchain-13.3.rel1-x86_64-arm-none-eabi/bin/../lib/gcc/arm-none-eabi/13.3.1/../../../../arm-none-eabi/lib/thumb/v7e-m+fp/hard/libc_nano.a(libc_a-findfp.o) (__sread)
/home/vanmanh/tool/arm-gnu-toolchain-13.3.rel1-x86_64-arm-none-eabi/bin/../lib/gcc/arm-none-eabi/13.3.1/../../../../arm-none-eabi/lib/thumb/v7e-m+fp/hard/libc_nano.a(libc_a-lseekr.o)
                              /home/vanmanh/tool/arm-gnu-toolchain-13.3.rel1-x86_64-arm-none-eabi/bin/../lib/gcc/arm-none-eabi/13.3.1/../../../../arm-none-eabi/lib/thumb/v7e-m+fp/hard/libc_nano.a(libc_a-stdio.o) (_lseek_r)
/home/vanmanh/tool/arm-gnu-toolchain-13.3.rel1-x86_64-arm-none-eabi/bin/../lib/gcc/arm-none-eabi/13.3.1/../../../../arm-none-eabi/lib/thumb/v7e-m+fp/hard/libc_nano.a(libc_a-readr.o)
                              /home/vanmanh/tool/arm-gnu-toolchain-13.3.rel1-x86_64-arm-none-eabi/bin/../lib/gcc/arm-none-eabi/13.3.1/../../../../arm-none-eabi/lib/thumb/v7e-m+fp/hard/libc_nano.a(libc_a-stdio.o) (_read_r)
/home/vanmanh/tool/arm-gnu-toolchain-13.3.rel1-x86_64-arm-none-eabi/bin/../lib/gcc/arm-none-eabi/13.3.1/../../../../arm-none-eabi/lib/thumb/v7e-m+fp/hard/libc_nano.a(libc_a-fwalk.o)
                              /home/vanmanh/tool/arm-gnu-toolchain-13.3.rel1-x86_64-arm-none-eabi/bin/../lib/gcc/arm-none-eabi/13.3.1/../../../../arm-none-eabi/lib/thumb/v7e-m+fp/hard/libc_nano.a(libc_a-findfp.o) (_fwalk_sglue)
/home/vanmanh/tool/arm-gnu-toolchain-13.3.rel1-x86_64-arm-none-eabi/bin/../lib/gcc/arm-none-eabi/13.3.1/../../../../arm-none-eabi/lib/thumb/v7e-m+fp/hard/libc_nano.a(libc_a-writer.o)
                              /home/vanmanh/tool/arm-gnu-toolchain-13.3.rel1-x86_64-arm-none-eabi/bin/../lib/gcc/arm-none-eabi/13.3.1/../../../../arm-none-eabi/lib/thumb/v7e-m+fp/hard/libc_nano.a(libc_a-stdio.o) (_write_r)
/home/vanmanh/tool/arm-gnu-toolchain-13.3.rel1-x86_64-arm-none-eabi/bin/../lib/gcc/arm-none-eabi/13.3.1/../../../../arm-none-eabi/lib/thumb/v7e-m+fp/hard/libc_nano.a(libc_a-lock.o)
                              /home/vanmanh/tool/arm-gnu-toolchain-13.3.rel1-x86_64-arm-none-eabi/bin/../lib/gcc/arm-none-eabi/13.3.1/../../../../arm-none-eabi/lib/thumb/v7e-m+fp/hard/libc_nano.a(libc_a-findfp.o) (__retarget_lock_init_recursive)
/home/vanmanh/tool/arm-gnu-toolchain-13.3.rel1-x86_64-arm-none-eabi/bin/../lib/gcc/arm-none-eabi/13.3.1/../../../../arm-none-eabi/lib/thumb/v7e-m+fp/hard/libc_nano.a(libc_a-fflush.o)
[...]
Memory Configuration

Name             Origin             Length             Attributes
RAM              0x20000000         0x00020000         xrw
FLASH            0x08000000         0x00080000         xr
*default*        0x00000000         0xffffffff

Linker script and memory map

LOAD /home/vanmanh/tool/arm-gnu-toolchain-13.3.rel1-x86_64-arm-none-eabi/bin/../lib/gcc/arm-none-eabi/13.3.1/thumb/v7e-m+fp/hard/crti.o
LOAD /home/vanmanh/tool/arm-gnu-toolchain-13.3.rel1-x86_64-arm-none-eabi/bin/../lib/gcc/arm-none-eabi/13.3.1/thumb/v7e-m+fp/hard/crtbegin.o
LOAD /home/vanmanh/tool/arm-gnu-toolchain-13.3.rel1-x86_64-arm-none-eabi/bin/../lib/gcc/arm-none-eabi/13.3.1/../../../../arm-none-eabi/lib/thumb/v7e-m+fp/hard/crt0.o
LOAD build/main.o
LOAD build/stm32f4xx_it.o
LOAD build/stm32f4xx_hal_msp.o
LOAD build/stm32f4xx_hal_adc.o
LOAD build/stm32f4xx_hal_adc_ex.o
LOAD build/stm32f4xx_ll_adc.o
LOAD build/stm32f4xx_hal_rcc.o
LOAD build/stm32f4xx_hal_rcc_ex.o
LOAD build/stm32f4xx_hal_flash.o
LOAD build/stm32f4xx_hal_flash_ex.o
LOAD build/stm32f4xx_hal_flash_ramfunc.o
LOAD build/stm32f4xx_hal_gpio.o
LOAD build/stm32f4xx_hal_dma_ex.o
LOAD build/stm32f4xx_hal_dma.o
LOAD build/stm32f4xx_hal_pwr.o
LOAD build/stm32f4xx_hal_pwr_ex.o
LOAD build/stm32f4xx_hal_cortex.o
LOAD build/stm32f4xx_hal.o
LOAD build/stm32f4xx_hal_exti.o
LOAD build/stm32f4xx_hal_i2c.o
LOAD build/stm32f4xx_hal_i2c_ex.o
LOAD build/stm32f4xx_hal_tim.o
LOAD build/stm32f4xx_hal_tim_ex.o
LOAD build/stm32f4xx_hal_uart.o
LOAD build/system_stm32f4xx.o
LOAD build/sysmem.o
LOAD build/syscalls.o
LOAD build/motor_dc.o
LOAD build/mpu6050.o
LOAD build/ultrasonic.o
LOAD build/startup_stm32f411xe.o
LOAD /home/vanmanh/tool/arm-gnu-toolchain-13.3.rel1-x86_64-arm-none-eabi/bin/../lib/gcc/arm-none-eabi/13.3.1/../../../../arm-none-eabi/lib/thumb/v7e-m+fp/hard/libc_nano.a
LOAD /home/vanmanh/tool/arm-gnu-toolchain-13.3.rel1-x86_64-arm-none-eabi/bin/../lib/gcc/arm-none-eabi/13.3.1/../../../../arm-none-eabi/lib/thumb/v7e-m+fp/hard/libm.a
LOAD /home/vanmanh/tool/arm-gnu-toolchain-13.3.rel1-x86_64-arm-none-eabi/bin/../lib/gcc/arm-none-eabi/13.3.1/../../../../arm-none-eabi/lib/thumb/v7e-m+fp/hard/libnosys.a
START GROUP
LOAD /home/vanmanh/tool/arm-gnu-toolchain-13.3.rel1-x86_64-arm-none-eabi/bin/../lib/gcc/arm-none-eabi/13.3.1/thumb/v7e-m+fp/hard/libgcc.a
LOAD /home/vanmanh/tool/arm-gnu-toolchain-13.3.rel1-x86_64-arm-none-eabi/bin/../lib/gcc/arm-none-eabi/13.3.1/../../../../arm-none-eabi/lib/thumb/v7e-m+fp/hard/libc_nano.a
END GROUP
START GROUP
LOAD /home/vanmanh/tool/arm-gnu-toolchain-13.3.rel1-x86_64-arm-none-eabi/bin/../lib/gcc/arm-none-eabi/13.3.1/thumb/v7e-m+fp/hard/libgcc.a
LOAD /home/vanmanh/tool/arm-gnu-toolchain-13.3.rel1-x86_64-arm-none-eabi/bin/../lib/gcc/arm-none-eabi/13.3.1/../../../../arm-none-eabi/lib/thumb/v7e-m+fp/hard/libc_nano.a
END GROUP
LOAD /home/vanmanh/tool/arm-gnu-toolchain-13.3.rel1-x86_64-arm-none-eabi/bin/../lib/gcc/arm-none-eabi/13.3.1/thumb/v7e-m+fp/hard/crtend.o
LOAD /home/vanmanh/tool/arm-gnu-toolchain-13.3.rel1-x86_64-arm-none-eabi/bin/../lib/gcc/arm-none-eabi/13.3.1/thumb/v7e-m+fp/hard/crtn.o
                0x20020000                        _estack = (ORIGIN (RAM) + LENGTH (RAM))
                0x00000200                        _Min_Heap_Size = 0x200
                0x00000400                        _Min_Stack_Size = 0x400

.isr_vector     0x08000000      0x198
                0x08000000                        . = ALIGN (0x4)
 *(.isr_vector)
 .isr_vector    0x08000000      0x198 build/startup_stm32f411xe.o
                0x08000000                g_pfnVectors
                0x08000198                        . = ALIGN (0x4)

.text           0x08000198     0x40d4
                0x08000198                        . = ALIGN (0x4)
 *(.text)
 .text          0x08000198      0x378 /home/vanmanh/tool/arm-gnu-toolchain-13.3.rel1-x86_64-arm-none-eabi/bin/../lib/gcc/arm-none-eabi/13.3.1/thumb/v7e-m+fp/hard/libgcc.a(_arm_addsubdf3.o)
                0x08000198                __aeabi_drsub
                0x080001a0                __aeabi_dsub
                0x080001a0                __subdf3
                0x080001a4                __adddf3
                0x080001a4                __aeabi_dadd
                0x0800041c                __aeabi_ui2d
                0x0800041c                __floatunsidf
                0x0800043c                __floatsidf
                0x0800043c                __aeabi_i2d
                0x08000460                __extendsfdf2
                0x08000460                __aeabi_f2d
                0x080004a4                __aeabi_ul2d
                0x080004a4                __floatundidf
                0x080004b4                __floatdidf
                0x080004b4                __aeabi_l2d
 .text          0x08000510      0x424 /home/vanmanh/tool/arm-gnu-toolchain-13.3.rel1-x86_64-arm-none-eabi/bin/../lib/gcc/arm-none-eabi/13.3.1/thumb/v7e-m+fp/hard/libgcc.a(_arm_muldivdf3.o)
                0x08000510                __aeabi_dmul
                0x08000510                __muldf3
                0x08000764                __aeabi_ddiv
                0x08000764                __divdf3
 .text          0x08000934       0xa0 /home/vanmanh/tool/arm-gnu-toolchain-13.3.rel1-x86_64-arm-none-eabi/bin/../lib/gcc/arm-none-eabi/13.3.1/thumb/v7e-m+fp/hard/libgcc.a(_arm_truncdfsf2.o)
                0x08000934                __aeabi_d2f
                0x08000934                __truncdfsf2
 .text          0x080009d4       0x30 /home/vanmanh/tool/arm-gnu-toolchain-13.3.rel1-x86_64-arm-none-eabi/bin/../lib/gcc/arm-none-eabi/13.3.1/thumb/v7e-m+fp/hard/libgcc.a(_aeabi_uldivmod.o)
                0x080009d4                __aeabi_uldivmod
 .text          0x08000a04        0x4 /home/vanmanh/tool/arm-gnu-toolchain-13.3.rel1-x86_64-arm-none-eabi/bin/../lib/gcc/arm-none-eabi/13.3.1/thumb/v7e-m+fp/hard/libgcc.a(_dvmd_tls.o)
                0x08000a04                __aeabi_ldiv0
                0x08000a04                __aeabi_idiv0
 *(.text*)
 .text.deregister_tm_clones
                0x08000a08       0x1c /home/vanmanh/tool/arm-gnu-toolchain-13.3.rel1-x86_64-arm-none-eabi/bin/../lib/gcc/arm-none-eabi/13.3.1/thumb/v7e-m+fp/hard/crtbegin.o
 .text.register_tm_clones
                0x08000a24       0x24 /home/vanmanh/tool/arm-gnu-toolchain-13.3.rel1-x86_64-arm-none-eabi/bin/../lib/gcc/arm-none-eabi/13.3.1/thumb/v7e-m+fp/hard/crtbegin.o
 .text.__do_global_dtors_aux
                0x08000a48       0x28 /home/vanmanh/tool/arm-gnu-toolchain-13.3.rel1-x86_64-arm-none-eabi/bin/../lib/gcc/arm-none-eabi/13.3.1/thumb/v7e-m+fp/hard/crtbegin.o
 .text.frame_dummy
                0x08000a70       0x24 /home/vanmanh/tool/arm-gnu-toolchain-13.3.rel1-x86_64-arm-none-eabi/bin/../lib/gcc/arm-none-eabi/13.3.1/thumb/v7e-m+fp/hard/crtbegin.o
 .text.MX_GPIO_Init
                0x08000a94       0xcc build/main.o
 .text.Error_Handler
                0x08000b60        0x4 build/main.o
                0x08000b60                Error_Handler
 .text.MX_ADC1_Init
                0x08000b64       0x6c build/main.o
 .text.MX_TIM2_Init
                0x08000bd0       0xb4 build/main.o
 .text.MX_I2C1_Init
                0x08000c84       0x38 build/main.o
 .text.MX_TIM3_Init
                0x08000cbc       0xb4 build/main.o
 .text.MX_TIM4_Init
                0x08000d70       0xb4 build/main.o
 .text.MX_USART1_UART_Init
                0x08000e24       0x34 build/main.o
 .text.SystemClock_Config
                0x08000e58       0xa4 build/main.o
                0x08000e58                SystemClock_Config
 .text.main     0x08000efc       0x84 build/main.o
                0x08000efc                main
 .text.NMI_Handler
                0x08000f80        0x2 build/stm32f4xx_it.o
                0x08000f80                NMI_Handler
 .text.HardFault_Handler
                0x08000f82        0x2 build/stm32f4xx_it.o
                0x08000f82                HardFault_Handler
 .text.MemManage_Handler
                0x08000f84        0x2 build/stm32f4xx_it.o
                0x08000f84                MemManage_Handler
 .text.BusFault_Handler
                0x08000f86        0x2 build/stm32f4xx_it.o
                0x08000f86                BusFault_Handler
 .text.UsageFault_Handler
                0x08000f88        0x2 build/stm32f4xx_it.o
                0x08000f88                UsageFault_Handler
 .text.SVC_Handler
                0x08000f8a        0x2 build/stm32f4xx_it.o
                0x08000f8a                SVC_Handler
 .text.DebugMon_Handler
                0x08000f8c        0x2 build/stm32f4xx_it.o
                0x08000f8c                DebugMon_Handler
 .text.PendSV_Handler
                0x08000f8e        0x2 build/stm32f4xx_it.o
                0x08000f8e                PendSV_Handler
 .text.SysTick_Handler
                0x08000f90        0x8 build/stm32f4xx_it.o
                0x08000f90                SysTick_Handler
 .text.TIM2_IRQHandler
                0x08000f98       0x10 build/stm32f4xx_it.o
                0x08000f98                TIM2_IRQHandler
 .text.TIM3_IRQHandler
                0x08000fa8       0x10 build/stm32f4xx_it.o
                0x08000fa8                TIM3_IRQHandler
 .text.TIM4_IRQHandler
                0x08000fb8       0x10 build/stm32f4xx_it.o
                0x08000fb8                TIM4_IRQHandler
 .text.HAL_MspInit
                0x08000fc8       0x38 build/stm32f4xx_hal_msp.o
                0x08000fc8                HAL_MspInit
 .text.HAL_ADC_MspInit
                0x08001000       0x68 build/stm32f4xx_hal_msp.o
                0x08001000                HAL_ADC_MspInit
 .text.HAL_I2C_MspInit
                0x08001068       0x70 build/stm32f4xx_hal_msp.o
                0x08001068                HAL_I2C_MspInit
 .text.HAL_TIM_Base_MspInit
                0x080010d8       0xdc build/stm32f4xx_hal_msp.o
                0x080010d8                HAL_TIM_Base_MspInit
 .text.HAL_TIM_MspPostInit
                0x080011b4       0x90 build/stm32f4xx_hal_msp.o
                0x080011b4                HAL_TIM_MspPostInit
 .text.HAL_UART_MspInit
                0x08001244       0x74 build/stm32f4xx_hal_msp.o
                0x08001244                HAL_UART_MspInit
 .text.ADC_Init
                0x080012b8      0x134 build/stm32f4xx_hal_adc.o
 .text.HAL_ADC_Init
                0x080013ec       0x56 build/stm32f4xx_hal_adc.o
                0x080013ec                HAL_ADC_Init
 *fill*         0x08001442        0x2 
 .text.HAL_ADC_ConfigChannel
                0x08001444      0x1ac build/stm32f4xx_hal_adc.o
                0x08001444                HAL_ADC_ConfigChannel
 .text.HAL_RCC_OscConfig
                0x080015f0      0x3f8 build/stm32f4xx_hal_rcc.o
                0x080015f0                HAL_RCC_OscConfig
 .text.HAL_RCC_GetSysClockFreq
                0x080019e8       0xa8 build/stm32f4xx_hal_rcc.o
                0x080019e8                HAL_RCC_GetSysClockFreq
 .text.HAL_RCC_ClockConfig
                0x08001a90      0x160 build/stm32f4xx_hal_rcc.o
                0x08001a90                HAL_RCC_ClockConfig
 .text.HAL_RCC_GetHCLKFreq
                0x08001bf0        0xc build/stm32f4xx_hal_rcc.o
                0x08001bf0                HAL_RCC_GetHCLKFreq
 .text.HAL_RCC_GetPCLK1Freq
                0x08001bfc       0x20 build/stm32f4xx_hal_rcc.o
                0x08001bfc                HAL_RCC_GetPCLK1Freq
 .text.HAL_RCC_GetPCLK2Freq
                0x08001c1c       0x20 build/stm32f4xx_hal_rcc.o
                0x08001c1c                HAL_RCC_GetPCLK2Freq
 .text.HAL_GPIO_Init
                0x08001c3c      0x1c8 build/stm32f4xx_hal_gpio.o
                0x08001c3c                HAL_GPIO_Init
 .text.HAL_GPIO_WritePin
                0x08001e04        0xc build/stm32f4xx_hal_gpio.o
                0x08001e04                HAL_GPIO_WritePin
 .text.__NVIC_EnableIRQ
                0x08001e10       0x1c build/stm32f4xx_hal_cortex.o
 .text.__NVIC_SetPriority
                0x08001e2c       0x28 build/stm32f4xx_hal_cortex.o
 .text.NVIC_EncodePriority
                0x08001e54       0x3e build/stm32f4xx_hal_cortex.o
 *fill*         0x08001e92        0x2 
 .text.HAL_NVIC_SetPriorityGrouping
                0x08001e94       0x24 build/stm32f4xx_hal_cortex.o
                0x08001e94                HAL_NVIC_SetPriorityGrouping
 .text.HAL_NVIC_SetPriority
                0x08001eb8       0x20 build/stm32f4xx_hal_cortex.o
                0x08001eb8                HAL_NVIC_SetPriority
 .text.HAL_NVIC_EnableIRQ
                0x08001ed8        0x8 build/stm32f4xx_hal_cortex.o
                0x08001ed8                HAL_NVIC_EnableIRQ
 .text.HAL_SYSTICK_Config
                0x08001ee0       0x28 build/stm32f4xx_hal_cortex.o
                0x08001ee0                HAL_SYSTICK_Config
 .text.HAL_InitTick
                0x08001f08       0x4c build/stm32f4xx_hal.o
                0x08001f08                HAL_InitTick
 .text.HAL_Init
                0x08001f54       0x34 build/stm32f4xx_hal.o
                0x08001f54                HAL_Init
 .text.HAL_IncTick
                0x08001f88       0x18 build/stm32f4xx_hal.o
                0x08001f88                HAL_IncTick
 .text.HAL_GetTick
                0x08001fa0        0xc build/stm32f4xx_hal.o
                0x08001fa0                HAL_GetTick
 .text.HAL_Delay
                0x08001fac       0x28 build/stm32f4xx_hal.o
                0x08001fac                HAL_Delay
 .text.I2C_IsAcknowledgeFailed
                0x08001fd4       0x32 build/stm32f4xx_hal_i2c.o
 .text.I2C_WaitOnFlagUntilTimeout
                0x08002006       0xaa build/stm32f4xx_hal_i2c.o
 .text.I2C_WaitOnMasterAddressFlagUntilTimeout
                0x080020b0       0xd6 build/stm32f4xx_hal_i2c.o
 .text.I2C_WaitOnTXEFlagUntilTimeout
                0x08002186       0x5e build/stm32f4xx_hal_i2c.o
 .text.I2C_RequestMemoryWrite
                0x080021e4       0xd8 build/stm32f4xx_hal_i2c.o
 .text.I2C_RequestMemoryRead
                0x080022bc      0x154 build/stm32f4xx_hal_i2c.o
 .text.I2C_WaitOnBTFFlagUntilTimeout
                0x08002410       0x5e build/stm32f4xx_hal_i2c.o
 .text.I2C_WaitOnRXNEFlagUntilTimeout
                0x0800246e       0x78 build/stm32f4xx_hal_i2c.o
 *fill*         0x080024e6        0x2 
 .text.HAL_I2C_Init
                0x080024e8      0x1bc build/stm32f4xx_hal_i2c.o
                0x080024e8                HAL_I2C_Init
 .text.HAL_I2C_Mem_Write
                0x080026a4      0x164 build/stm32f4xx_hal_i2c.o
                0x080026a4                HAL_I2C_Mem_Write
 .text.HAL_I2C_Mem_Read
                0x08002808      0x2f8 build/stm32f4xx_hal_i2c.o
                0x08002808                HAL_I2C_Mem_Read
 .text.TIM_OC1_SetConfig
                0x08002b00       0x54 build/stm32f4xx_hal_tim.o
 .text.TIM_OC3_SetConfig
                0x08002b54       0x5c build/stm32f4xx_hal_tim.o
 .text.TIM_OC4_SetConfig
                0x08002bb0       0x48 build/stm32f4xx_hal_tim.o
 .text.TIM_TI1_ConfigInputStage
                0x08002bf8       0x26 build/stm32f4xx_hal_tim.o
 .text.TIM_TI2_SetConfig
                0x08002c1e       0x36 build/stm32f4xx_hal_tim.o
 .text.TIM_TI2_ConfigInputStage
                0x08002c54       0x28 build/stm32f4xx_hal_tim.o
 .text.TIM_TI3_SetConfig
                0x08002c7c       0x36 build/stm32f4xx_hal_tim.o
 .text.TIM_TI4_SetConfig
                0x08002cb2       0x36 build/stm32f4xx_hal_tim.o
 .text.TIM_ITRx_SetConfig
                0x08002ce8       0x10 build/stm32f4xx_hal_tim.o
 .text.HAL_TIM_PWM_MspInit
                0x08002cf8        0x2 build/stm32f4xx_hal_tim.o
                0x08002cf8                HAL_TIM_PWM_MspInit
 .text.HAL_TIM_IC_MspInit
                0x08002cfa        0x2 build/stm32f4xx_hal_tim.o
                0x08002cfa                HAL_TIM_IC_MspInit
 .text.HAL_TIM_ReadCapturedValue
                0x08002cfc       0x32 build/stm32f4xx_hal_tim.o
                0x08002cfc                HAL_TIM_ReadCapturedValue
 .text.HAL_TIM_PeriodElapsedCallback
                0x08002d2e        0x2 build/stm32f4xx_hal_tim.o
                0x08002d2e                HAL_TIM_PeriodElapsedCallback
 .text.HAL_TIM_OC_DelayElapsedCallback
                0x08002d30        0x2 build/stm32f4xx_hal_tim.o
                0x08002d30                HAL_TIM_OC_DelayElapsedCallback
 .text.HAL_TIM_PWM_PulseFinishedCallback
                0x08002d32        0x2 build/stm32f4xx_hal_tim.o
                0x08002d32                HAL_TIM_PWM_PulseFinishedCallback
 .text.HAL_TIM_TriggerCallback
                0x08002d34        0x2 build/stm32f4xx_hal_tim.o
                0x08002d34                HAL_TIM_TriggerCallback
 .text.HAL_TIM_IRQHandler
                0x08002d36      0x15e build/stm32f4xx_hal_tim.o
                0x08002d36                HAL_TIM_IRQHandler
 .text.TIM_Base_SetConfig
                0x08002e94       0xac build/stm32f4xx_hal_tim.o
                0x08002e94                TIM_Base_SetConfig
 .text.HAL_TIM_Base_Init
                0x08002f40       0x58 build/stm32f4xx_hal_tim.o
                0x08002f40                HAL_TIM_Base_Init
 .text.HAL_TIM_PWM_Init
                0x08002f98       0x58 build/stm32f4xx_hal_tim.o
                0x08002f98                HAL_TIM_PWM_Init
 .text.HAL_TIM_IC_Init
                0x08002ff0       0x58 build/stm32f4xx_hal_tim.o
                0x08002ff0                HAL_TIM_IC_Init
 .text.TIM_OC2_SetConfig
                0x08003048       0x5c build/stm32f4xx_hal_tim.o
                0x08003048                TIM_OC2_SetConfig
 .text.HAL_TIM_PWM_ConfigChannel
                0x080030a4       0xdc build/stm32f4xx_hal_tim.o
                0x080030a4                HAL_TIM_PWM_ConfigChannel
 .text.TIM_TI1_SetConfig
                0x08003180       0x6c build/stm32f4xx_hal_tim.o
                0x08003180                TIM_TI1_SetConfig
 .text.HAL_TIM_IC_ConfigChannel
                0x080031ec       0xcc build/stm32f4xx_hal_tim.o
                0x080031ec                HAL_TIM_IC_ConfigChannel
 .text.TIM_ETR_SetConfig
                0x080032b8       0x1a build/stm32f4xx_hal_tim.o
                0x080032b8                TIM_ETR_SetConfig
 .text.HAL_TIM_ConfigClockSource
                0x080032d2       0xfe build/stm32f4xx_hal_tim.o
                0x080032d2                HAL_TIM_ConfigClockSource
 .text.TIM_CCxChannelCmd
                0x080033d0       0x1e build/stm32f4xx_hal_tim.o
                0x080033d0                TIM_CCxChannelCmd
 *fill*         0x080033ee        0x2 
 .text.HAL_TIM_PWM_Start
                0x080033f0       0xf0 build/stm32f4xx_hal_tim.o
                0x080033f0                HAL_TIM_PWM_Start
 .text.HAL_TIM_IC_Start_IT
                0x080034e0      0x158 build/stm32f4xx_hal_tim.o
                0x080034e0                HAL_TIM_IC_Start_IT
 .text.HAL_TIMEx_MasterConfigSynchronization
                0x08003638       0x7c build/stm32f4xx_hal_tim_ex.o
                0x08003638                HAL_TIMEx_MasterConfigSynchronization
 .text.HAL_TIMEx_CommutCallback
                0x080036b4        0x2 build/stm32f4xx_hal_tim_ex.o
                0x080036b4                HAL_TIMEx_CommutCallback
 .text.HAL_TIMEx_BreakCallback
                0x080036b6        0x2 build/stm32f4xx_hal_tim_ex.o
                0x080036b6                HAL_TIMEx_BreakCallback
 .text.UART_SetConfig
                0x080036b8      0x110 build/stm32f4xx_hal_uart.o
 .text.HAL_UART_Init
                0x080037c8       0x60 build/stm32f4xx_hal_uart.o
                0x080037c8                HAL_UART_Init
 .text.SystemInit
                0x08003828       0x14 build/system_stm32f4xx.o
                0x08003828                SystemInit
 .text.setup_motor_dc
                0x0800383c       0x3c build/motor_dc.o
                0x0800383c                setup_motor_dc
 .text.MPU6050_Init
                0x08003878       0xc2 build/mpu6050.o
                0x08003878                MPU6050_Init
 .text.Kalman_getAngle
                0x0800393a      0x206 build/mpu6050.o
                0x0800393a                Kalman_getAngle
 .text.MPU6050_Read_All
                0x08003b40      0x178 build/mpu6050.o
                0x08003b40                MPU6050_Read_All
 .text.delay_us
                0x08003cb8       0x24 build/ultrasonic.o
                0x08003cb8                delay_us
 .text.Ultrasonic_Get_Distance
                0x08003cdc       0x50 build/ultrasonic.o
                0x08003cdc                Ultrasonic_Get_Distance
 *fill*         0x08003d2c        0x4 
 .text.HAL_TIM_IC_CaptureCallback
                0x08003d30      0x1bc build/ultrasonic.o
                0x08003d30                HAL_TIM_IC_CaptureCallback
 .text.Reset_Handler
                0x08003eec       0x50 build/startup_stm32f411xe.o
                0x08003eec                Reset_Handler
 .text.Default_Handler
                0x08003f3c        0x2 build/startup_stm32f411xe.o
                0x08003f3c                RTC_Alarm_IRQHandler
                0x08003f3c                EXTI2_IRQHandler
                0x08003f3c                SPI4_IRQHandler
                0x08003f3c                TIM1_CC_IRQHandler
                0x08003f3c                DMA2_Stream5_IRQHandler
                0x08003f3c                DMA1_Stream5_IRQHandler
                0x08003f3c                PVD_IRQHandler
                0x08003f3c                SDIO_IRQHandler
                0x08003f3c                TAMP_STAMP_IRQHandler
                0x08003f3c                EXTI3_IRQHandler
                0x08003f3c                TIM1_UP_TIM10_IRQHandler
                0x08003f3c                I2C3_ER_IRQHandler
                0x08003f3c                EXTI0_IRQHandler
                0x08003f3c                I2C2_EV_IRQHandler
                0x08003f3c                DMA1_Stream2_IRQHandler
                0x08003f3c                FPU_IRQHandler
                0x08003f3c                DMA2_Stream2_IRQHandler
                0x08003f3c                SPI1_IRQHandler
                0x08003f3c                TIM1_BRK_TIM9_IRQHandler
                0x08003f3c                DMA2_Stream3_IRQHandler
                0x08003f3c                USART6_IRQHandler
                0x08003f3c                DMA2_Stream0_IRQHandler
                0x08003f3c                I2C1_EV_IRQHandler
                0x08003f3c                DMA1_Stream6_IRQHandler
                0x08003f3c                DMA1_Stream1_IRQHandler
                0x08003f3c                RCC_IRQHandler
                0x08003f3c                Default_Handler
                0x08003f3c                EXTI15_10_IRQHandler
                0x08003f3c                ADC_IRQHandler
                0x08003f3c                DMA1_Stream7_IRQHandler
                0x08003f3c                SPI5_IRQHandler
                0x08003f3c                TIM5_IRQHandler
                0x08003f3c                DMA2_Stream7_IRQHandler
                0x08003f3c                I2C3_EV_IRQHandler
                0x08003f3c                EXTI9_5_IRQHandler
                0x08003f3c                RTC_WKUP_IRQHandler
                0x08003f3c                SPI2_IRQHandler
                0x08003f3c                DMA1_Stream0_IRQHandler
                0x08003f3c                EXTI4_IRQHandler
                0x08003f3c                WWDG_IRQHandler
                0x08003f3c                OTG_FS_WKUP_IRQHandler
                0x08003f3c                TIM1_TRG_COM_TIM11_IRQHandler
                0x08003f3c                EXTI1_IRQHandler
                0x08003f3c                USART2_IRQHandler
                0x08003f3c                I2C2_ER_IRQHandler
                0x08003f3c                DMA2_Stream1_IRQHandler
                0x08003f3c                FLASH_IRQHandler
                0x08003f3c                DMA2_Stream4_IRQHandler
                0x08003f3c                USART1_IRQHandler
                0x08003f3c                OTG_FS_IRQHandler
                0x08003f3c                SPI3_IRQHandler
                0x08003f3c                DMA1_Stream4_IRQHandler
                0x08003f3c                I2C1_ER_IRQHandler
                0x08003f3c                DMA2_Stream6_IRQHandler
                0x08003f3c                DMA1_Stream3_IRQHandler
 *fill*         0x08003f3e        0x2 
 .text.__libc_init_array
                0x08003f40       0x48 /home/vanmanh/tool/arm-gnu-toolchain-13.3.rel1-x86_64-arm-none-eabi/bin/../lib/gcc/arm-none-eabi/13.3.1/../../../../arm-none-eabi/lib/thumb/v7e-m+fp/hard/libc_nano.a(libc_a-init.o)
                0x08003f40                __libc_init_array
 .text.memset   0x08003f88       0x10 /home/vanmanh/tool/arm-gnu-toolchain-13.3.rel1-x86_64-arm-none-eabi/bin/../lib/gcc/arm-none-eabi/13.3.1/../../../../arm-none-eabi/lib/thumb/v7e-m+fp/hard/libc_nano.a(libc_a-memset.o)
                0x08003f88                memset
 .text.__udivmoddi4
                0x08003f98      0x2bc /home/vanmanh/tool/arm-gnu-toolchain-13.3.rel1-x86_64-arm-none-eabi/bin/../lib/gcc/arm-none-eabi/13.3.1/thumb/v7e-m+fp/hard/libgcc.a(_udivmoddi4.o)
                0x08003f98                __udivmoddi4
 *(.glue_7)
 .glue_7        0x08004254        0x0 linker stubs
 *(.glue_7t)
 .glue_7t       0x08004254        0x0 linker stubs
 *(.eh_frame)
 .eh_frame      0x08004254        0x0 /home/vanmanh/tool/arm-gnu-toolchain-13.3.rel1-x86_64-arm-none-eabi/bin/../lib/gcc/arm-none-eabi/13.3.1/thumb/v7e-m+fp/hard/crtbegin.o
 *(.init)
 .init          0x08004254        0x4 /home/vanmanh/tool/arm-gnu-toolchain-13.3.rel1-x86_64-arm-none-eabi/bin/../lib/gcc/arm-none-eabi/13.3.1/thumb/v7e-m+fp/hard/crti.o
                0x08004254                _init
 .init          0x08004258        0x8 /home/vanmanh/tool/arm-gnu-toolchain-13.3.rel1-x86_64-arm-none-eabi/bin/../lib/gcc/arm-none-eabi/13.3.1/thumb/v7e-m+fp/hard/crtn.o
 *(.fini)
 .fini          0x08004260        0x4 /home/vanmanh/tool/arm-gnu-toolchain-13.3.rel1-x86_64-arm-none-eabi/bin/../lib/gcc/arm-none-eabi/13.3.1/thumb/v7e-m+fp/hard/crti.o
                0x08004260                _fini
 .fini          0x08004264        0x8 /home/vanmanh/tool/arm-gnu-toolchain-13.3.rel1-x86_64-arm-none-eabi/bin/../lib/gcc/arm-none-eabi/13.3.1/thumb/v7e-m+fp/hard/crtn.o
                0x0800426c                        . = ALIGN (0x4)
                0x0800426c                        _etext = .

.vfp11_veneer   0x0800426c        0x0
 .vfp11_veneer  0x0800426c        0x0 linker stubs

.v4_bx          0x0800426c        0x0
 .v4_bx         0x0800426c        0x0 linker stubs

.iplt           0x0800426c        0x0
 .iplt          0x0800426c        0x0 /home/vanmanh/tool/arm-gnu-toolchain-13.3.rel1-x86_64-arm-none-eabi/bin/../lib/gcc/arm-none-eabi/13.3.1/thumb/v7e-m+fp/hard/crtbegin.o

.rodata         0x0800426c       0x18
                0x0800426c                        . = ALIGN (0x4)
 *(.rodata)
 *(.rodata*)
 .rodata.APBPrescTable
                0x0800426c        0x8 build/system_stm32f4xx.o
                0x0800426c                APBPrescTable
 .rodata.AHBPrescTable
                0x08004274       0x10 build/system_stm32f4xx.o
                0x08004274                AHBPrescTable
                0x08004284                        . = ALIGN (0x4)

.ARM.extab
 *(.ARM.extab* .gnu.linkonce.armextab.*)

.ARM            0x08004284        0x8
                0x08004284                        __exidx_start = .
 *(.ARM.exidx*)
 .ARM.exidx.text.__udivmoddi4
                0x08004284        0x8 /home/vanmanh/tool/arm-gnu-toolchain-13.3.rel1-x86_64-arm-none-eabi/bin/../lib/gcc/arm-none-eabi/13.3.1/thumb/v7e-m+fp/hard/libgcc.a(_udivmoddi4.o)
                0x0800428c                        __exidx_end = .

.rel.dyn        0x0800428c        0x0
 .rel.iplt      0x0800428c        0x0 /home/vanmanh/tool/arm-gnu-toolchain-13.3.rel1-x86_64-arm-none-eabi/bin/../lib/gcc/arm-none-eabi/13.3.1/thumb/v7e-m+fp/hard/crtbegin.o

.preinit_array  0x0800428c        0x0
                0x0800428c                        PROVIDE (__preinit_array_start = .)
 *(.preinit_array*)
                0x0800428c                        PROVIDE (__preinit_array_end = .)

.init_array     0x0800428c        0x4
                0x0800428c                        PROVIDE (__init_array_start = .)
 *(SORT_BY_NAME(.init_array.*))
 *(.init_array*)
 .init_array    0x0800428c        0x4 /home/vanmanh/tool/arm-gnu-toolchain-13.3.rel1-x86_64-arm-none-eabi/bin/../lib/gcc/arm-none-eabi/13.3.1/thumb/v7e-m+fp/hard/crtbegin.o
                0x08004290                        PROVIDE (__init_array_end = .)

.fini_array     0x08004290        0x4
                [!provide]                        PROVIDE (__fini_array_start = .)
 *(SORT_BY_NAME(.fini_array.*))
 *(.fini_array*)
 .fini_array    0x08004290        0x4 /home/vanmanh/tool/arm-gnu-toolchain-13.3.rel1-x86_64-arm-none-eabi/bin/../lib/gcc/arm-none-eabi/13.3.1/thumb/v7e-m+fp/hard/crtbegin.o
                [!provide]                        PROVIDE (__fini_array_end = .)
                0x08004294                        _sidata = LOADADDR (.data)

.data           0x20000000       0xe8 load address 0x08004294
                0x20000000                        . = ALIGN (0x4)
                0x20000000                        _sdata = .
 *(.data)
 *(.data*)
 .data.uwTickFreq
                0x20000000        0x1 build/stm32f4xx_hal.o
                0x20000000                uwTickFreq
 *fill*         0x20000001        0x3 
 .data.uwTickPrio
                0x20000004        0x4 build/stm32f4xx_hal.o
                0x20000004                uwTickPrio
 .data.SystemCoreClock
                0x20000008        0x4 build/system_stm32f4xx.o
                0x20000008                SystemCoreClock
 *fill*         0x2000000c        0x4 
 .data.KalmanZ  0x20000010       0x48 build/mpu6050.o
                0x20000010                KalmanZ
 .data.KalmanY  0x20000058       0x48 build/mpu6050.o
                0x20000058                KalmanY
 .data.KalmanX  0x200000a0       0x48 build/mpu6050.o
                0x200000a0                KalmanX
                0x200000e8                        . = ALIGN (0x4)
                0x200000e8                        _edata = .

.tm_clone_table
                0x200000e8        0x0 load address 0x0800437c
 .tm_clone_table
                0x200000e8        0x0 /home/vanmanh/tool/arm-gnu-toolchain-13.3.rel1-x86_64-arm-none-eabi/bin/../lib/gcc/arm-none-eabi/13.3.1/thumb/v7e-m+fp/hard/crtbegin.o
 .tm_clone_table
                0x200000e8        0x0 /home/vanmanh/tool/arm-gnu-toolchain-13.3.rel1-x86_64-arm-none-eabi/bin/../lib/gcc/arm-none-eabi/13.3.1/thumb/v7e-m+fp/hard/crtend.o

.igot.plt       0x200000e8        0x0 load address 0x0800437c
 .igot.plt      0x200000e8        0x0 /home/vanmanh/tool/arm-gnu-toolchain-13.3.rel1-x86_64-arm-none-eabi/bin/../lib/gcc/arm-none-eabi/13.3.1/thumb/v7e-m+fp/hard/crtbegin.o
                0x200000e8                        . = ALIGN (0x4)

.bss            0x200000e8      0x204 load address 0x0800437c
                0x200000e8                        _sbss = .
                0x200000e8                        __bss_start__ = _sbss
 *(.bss)
 *(.bss*)
 .bss.completed.1
                0x200000e8        0x1 /home/vanmanh/tool/arm-gnu-toolchain-13.3.rel1-x86_64-arm-none-eabi/bin/../lib/gcc/arm-none-eabi/13.3.1/thumb/v7e-m+fp/hard/crtbegin.o
 *fill*         0x200000e9        0x3 
 .bss.object.0  0x200000ec       0x18 /home/vanmanh/tool/arm-gnu-toolchain-13.3.rel1-x86_64-arm-none-eabi/bin/../lib/gcc/arm-none-eabi/13.3.1/thumb/v7e-m+fp/hard/crtbegin.o
 .bss.huart1    0x20000104       0x48 build/main.o
                0x20000104                huart1
 .bss.htim4     0x2000014c       0x48 build/main.o
                0x2000014c                htim4
 .bss.htim3     0x20000194       0x48 build/main.o
                0x20000194                htim3
 .bss.htim2     0x200001dc       0x48 build/main.o
                0x200001dc                htim2
 .bss.hi2c1     0x20000224       0x54 build/main.o
                0x20000224                hi2c1
 .bss.hadc1     0x20000278       0x48 build/main.o
                0x20000278                hadc1
 .bss.uwTick    0x200002c0        0x4 build/stm32f4xx_hal.o
                0x200002c0                uwTick
 .bss.end_time  0x200002c4        0x4 build/ultrasonic.o
                0x200002c4                end_time
 .bss.edge_state
                0x200002c8        0x4 build/ultrasonic.o
                0x200002c8                edge_state
 .bss.distance_cm
                0x200002cc       0x10 build/ultrasonic.o
                0x200002cc                distance_cm
 .bss.start_time
                0x200002dc       0x10 build/ultrasonic.o
                0x200002dc                start_time
 *(COMMON)
                0x200002ec                        . = ALIGN (0x4)
                0x200002ec                        _ebss = .
                0x200002ec                        __bss_end__ = _ebss

._user_heap_stack
                0x200002ec      0x604 load address 0x0800437c
                0x200002f0                        . = ALIGN (0x8)
 *fill*         0x200002ec        0x4 
                [!provide]                        PROVIDE (end = .)
                0x200002f0                        PROVIDE (_end = .)
                0x200004f0                        . = (. + _Min_Heap_Size)
 *fill*         0x200002f0      0x200 
                0x200008f0                        . = (. + _Min_Stack_Size)
 *fill*         0x200004f0      0x400 
                0x200008f0                        . = ALIGN (0x8)

/DISCARD/
 libc.a(*)
 libm.a(*)
 libgcc.a(*)
OUTPUT(build/Vacum_F4.elf elf32-littlearm)
LOAD linker stubs
LOAD /home/vanmanh/tool/arm-gnu-toolchain-13.3.rel1-x86_64-arm-none-eabi/bin/../lib/gcc/arm-none-eabi/13.3.1/../../../../arm-none-eabi/lib/thumb/v7e-m+fp/hard/libc.a
LOAD /home/vanmanh/tool/arm-gnu-toolchain-13.3.rel1-x86_64-arm-none-eabi/bin/../lib/gcc/arm-none-eabi/13.3.1/../../../../arm-none-eabi/lib/thumb/v7e-m+fp/hard/libm.a
LOAD /home/vanmanh/tool/arm-gnu-toolchain-13.3.rel1-x86_64-arm-none-eabi/bin/../lib/gcc/arm-none-eabi/13.3.1/thumb/v7e-m+fp/hard/libgcc.a

.ARM.attributes
                0x00000000       0x30
 .ARM.attributes
                0x00000000       0x22 /home/vanmanh/tool/arm-gnu-toolchain-13.3.rel1-x86_64-arm-none-eabi/bin/../lib/gcc/arm-none-eabi/13.3.1/thumb/v7e-m+fp/hard/crti.o
 .ARM.attributes
                0x00000022       0x34 /home/vanmanh/tool/arm-gnu-toolchain-13.3.rel1-x86_64-arm-none-eabi/bin/../lib/gcc/arm-none-eabi/13.3.1/thumb/v7e-m+fp/hard/crtbegin.o
 .ARM.attributes
                0x00000056       0x34 build/main.o
 .ARM.attributes
                0x0000008a       0x34 build/stm32f4xx_it.o
 .ARM.attributes
                0x000000be       0x34 build/stm32f4xx_hal_msp.o
 .ARM.attributes
                0x000000f2       0x34 build/stm32f4xx_hal_adc.o
 .ARM.attributes
                0x00000126       0x34 build/stm32f4xx_hal_rcc.o
 .ARM.attributes
                0x0000015a       0x34 build/stm32f4xx_hal_gpio.o
 .ARM.attributes
                0x0000018e       0x34 build/stm32f4xx_hal_cortex.o
 .ARM.attributes
                0x000001c2       0x34 build/stm32f4xx_hal.o
 .ARM.attributes
                0x000001f6       0x34 build/stm32f4xx_hal_i2c.o
 .ARM.attributes
                0x0000022a       0x34 build/stm32f4xx_hal_tim.o
 .ARM.attributes
                0x0000025e       0x34 build/stm32f4xx_hal_tim_ex.o
 .ARM.attributes
                0x00000292       0x34 build/stm32f4xx_hal_uart.o
 .ARM.attributes
                0x000002c6       0x34 build/system_stm32f4xx.o
 .ARM.attributes
                0x000002fa       0x34 build/motor_dc.o
 .ARM.attributes
                0x0000032e       0x34 build/mpu6050.o
 .ARM.attributes
                0x00000362       0x34 build/ultrasonic.o
 .ARM.attributes
                0x00000396       0x21 build/startup_stm32f411xe.o
 .ARM.attributes
                0x000003b7       0x34 /home/vanmanh/tool/arm-gnu-toolchain-13.3.rel1-x86_64-arm-none-eabi/bin/../lib/gcc/arm-none-eabi/13.3.1/../../../../arm-none-eabi/lib/thumb/v7e-m+fp/hard/libc_nano.a(libc_a-init.o)
 .ARM.attributes
                0x000003eb       0x34 /home/vanmanh/tool/arm-gnu-toolchain-13.3.rel1-x86_64-arm-none-eabi/bin/../lib/gcc/arm-none-eabi/13.3.1/../../../../arm-none-eabi/lib/thumb/v7e-m+fp/hard/libc_nano.a(libc_a-memset.o)
 .ARM.attributes
                0x0000041f       0x22 /home/vanmanh/tool/arm-gnu-toolchain-13.3.rel1-x86_64-arm-none-eabi/bin/../lib/gcc/arm-none-eabi/13.3.1/thumb/v7e-m+fp/hard/libgcc.a(_arm_addsubdf3.o)
 .ARM.attributes
                0x00000441       0x22 /home/vanmanh/tool/arm-gnu-toolchain-13.3.rel1-x86_64-arm-none-eabi/bin/../lib/gcc/arm-none-eabi/13.3.1/thumb/v7e-m+fp/hard/libgcc.a(_arm_muldivdf3.o)
 .ARM.attributes
                0x00000463       0x22 /home/vanmanh/tool/arm-gnu-toolchain-13.3.rel1-x86_64-arm-none-eabi/bin/../lib/gcc/arm-none-eabi/13.3.1/thumb/v7e-m+fp/hard/libgcc.a(_arm_truncdfsf2.o)
 .ARM.attributes
                0x00000485       0x22 /home/vanmanh/tool/arm-gnu-toolchain-13.3.rel1-x86_64-arm-none-eabi/bin/../lib/gcc/arm-none-eabi/13.3.1/thumb/v7e-m+fp/hard/libgcc.a(_aeabi_uldivmod.o)
 .ARM.attributes
                0x000004a7       0x34 /home/vanmanh/tool/arm-gnu-toolchain-13.3.rel1-x86_64-arm-none-eabi/bin/../lib/gcc/arm-none-eabi/13.3.1/thumb/v7e-m+fp/hard/libgcc.a(_udivmoddi4.o)
 .ARM.attributes
                0x000004db       0x22 /home/vanmanh/tool/arm-gnu-toolchain-13.3.rel1-x86_64-arm-none-eabi/bin/../lib/gcc/arm-none-eabi/13.3.1/thumb/v7e-m+fp/hard/libgcc.a(_dvmd_tls.o)
 .ARM.attributes
                0x000004fd       0x34 /home/vanmanh/tool/arm-gnu-toolchain-13.3.rel1-x86_64-arm-none-eabi/bin/../lib/gcc/arm-none-eabi/13.3.1/thumb/v7e-m+fp/hard/crtend.o
 .ARM.attributes
                0x00000531       0x22 /home/vanmanh/tool/arm-gnu-toolchain-13.3.rel1-x86_64-arm-none-eabi/bin/../lib/gcc/arm-none-eabi/13.3.1/thumb/v7e-m+fp/hard/crtn.o

.comment        0x00000000       0x45
 .comment       0x00000000       0x45 build/main.o
                                 0x46 (size before relaxing)
 .comment       0x00000045       0x46 build/stm32f4xx_it.o
 .comment       0x00000045       0x46 build/stm32f4xx_hal_msp.o
 .comment       0x00000045       0x46 build/stm32f4xx_hal_adc.o
 .comment       0x00000045       0x46 build/stm32f4xx_hal_rcc.o
 .comment       0x00000045       0x46 build/stm32f4xx_hal_gpio.o
 .comment       0x00000045       0x46 build/stm32f4xx_hal_cortex.o
 .comment       0x00000045       0x46 build/stm32f4xx_hal.o
 .comment       0x00000045       0x46 build/stm32f4xx_hal_i2c.o
 .comment       0x00000045       0x46 build/stm32f4xx_hal_tim.o
 .comment       0x00000045       0x46 build/stm32f4xx_hal_tim_ex.o
 .comment       0x00000045       0x46 build/stm32f4xx_hal_uart.o
 .comment       0x00000045       0x46 build/system_stm32f4xx.o
 .comment       0x00000045       0x46 build/motor_dc.o
 .comment       0x00000045       0x46 build/mpu6050.o
 .comment       0x00000045       0x46 build/ultrasonic.o

.debug_info     0x00000000    0x19026
 .debug_info    0x00000000     0x2362 build/main.o
 .debug_info    0x00002362      0x880 build/stm32f4xx_it.o
 .debug_info    0x00002be2     0x1a9a build/stm32f4xx_hal_msp.o
 .debug_info    0x0000467c     0x103d build/stm32f4xx_hal_adc.o
 .debug_info    0x000056b9      0xc37 build/stm32f4xx_hal_rcc.o
 .debug_info    0x000062f0      0x872 build/stm32f4xx_hal_gpio.o
 .debug_info    0x00006b62     0x1150 build/stm32f4xx_hal_cortex.o
 .debug_info    0x00007cb2      0xa91 build/stm32f4xx_hal.o
 .debug_info    0x00008743     0x3c18 build/stm32f4xx_hal_i2c.o
 .debug_info    0x0000c35b     0x4198 build/stm32f4xx_hal_tim.o
 .debug_info    0x000104f3     0x1d9d build/stm32f4xx_hal_tim_ex.o
 .debug_info    0x00012290     0x4395 build/stm32f4xx_hal_uart.o
 .debug_info    0x00016625      0x5e5 build/system_stm32f4xx.o
 .debug_info    0x00016c0a      0x883 build/motor_dc.o
 .debug_info    0x0001748d     0x1103 build/mpu6050.o
 .debug_info    0x00018590      0xa66 build/ultrasonic.o
 .debug_info    0x00018ff6       0x30 build/startup_stm32f411xe.o

.debug_abbrev   0x00000000     0x286f
 .debug_abbrev  0x00000000      0x303 build/main.o
 .debug_abbrev  0x00000303      0x1a1 build/stm32f4xx_it.o
 .debug_abbrev  0x000004a4      0x233 build/stm32f4xx_hal_msp.o
 .debug_abbrev  0x000006d7      0x287 build/stm32f4xx_hal_adc.o
 .debug_abbrev  0x0000095e      0x2de build/stm32f4xx_hal_rcc.o
 .debug_abbrev  0x00000c3c      0x22b build/stm32f4xx_hal_gpio.o
 .debug_abbrev  0x00000e67      0x3ca build/stm32f4xx_hal_cortex.o
 .debug_abbrev  0x00001231      0x275 build/stm32f4xx_hal.o
 .debug_abbrev  0x000014a6      0x339 build/stm32f4xx_hal_i2c.o
 .debug_abbrev  0x000017df      0x2ce build/stm32f4xx_hal_tim.o
 .debug_abbrev  0x00001aad      0x2c8 build/stm32f4xx_hal_tim_ex.o
 .debug_abbrev  0x00001d75      0x380 build/stm32f4xx_hal_uart.o
 .debug_abbrev  0x000020f5      0x11b build/system_stm32f4xx.o
 .debug_abbrev  0x00002210      0x1df build/motor_dc.o
 .debug_abbrev  0x000023ef      0x22c build/mpu6050.o
 .debug_abbrev  0x0000261b      0x237 build/ultrasonic.o
 .debug_abbrev  0x00002852       0x1d build/startup_stm32f411xe.o

.debug_loc      0x00000000    0x16028
 .debug_loc     0x00000000      0x200 build/main.o
 .debug_loc     0x00000200       0x80 build/stm32f4xx_it.o
 .debug_loc     0x00000280      0x54a build/stm32f4xx_hal_msp.o
 .debug_loc     0x000007ca      0xf4e build/stm32f4xx_hal_adc.o
 .debug_loc     0x00001718      0x720 build/stm32f4xx_hal_rcc.o
 .debug_loc     0x00001e38      0x60b build/stm32f4xx_hal_gpio.o
 .debug_loc     0x00002443      0x8ff build/stm32f4xx_hal_cortex.o
 .debug_loc     0x00002d42      0x1f9 build/stm32f4xx_hal.o
 .debug_loc     0x00002f3b     0x54cf build/stm32f4xx_hal_i2c.o
 .debug_loc     0x0000840a     0x6163 build/stm32f4xx_hal_tim.o
 .debug_loc     0x0000e56d     0x22d2 build/stm32f4xx_hal_tim_ex.o
 .debug_loc     0x0001083f     0x5001 build/stm32f4xx_hal_uart.o
 .debug_loc     0x00015840      0x181 build/system_stm32f4xx.o
 .debug_loc     0x000159c1       0x4b build/motor_dc.o
 .debug_loc     0x00015a0c      0x47e build/mpu6050.o
 .debug_loc     0x00015e8a      0x19e build/ultrasonic.o

.debug_aranges  0x00000000      0xfe0
 .debug_aranges
                0x00000000       0x68 build/main.o
 .debug_aranges
                0x00000068       0x78 build/stm32f4xx_it.o
 .debug_aranges
                0x000000e0       0x68 build/stm32f4xx_hal_msp.o
 .debug_aranges
                0x00000148       0xe8 build/stm32f4xx_hal_adc.o
 .debug_aranges
                0x00000230       0x88 build/stm32f4xx_hal_rcc.o
 .debug_aranges
                0x000002b8       0x58 build/stm32f4xx_hal_gpio.o
 .debug_aranges
                0x00000310       0xf8 build/stm32f4xx_hal_cortex.o
 .debug_aranges
                0x00000408       0xf0 build/stm32f4xx_hal.o
 .debug_aranges
                0x000004f8      0x2a8 build/stm32f4xx_hal_i2c.o
 .debug_aranges
                0x000007a0      0x3d0 build/stm32f4xx_hal_tim.o
 .debug_aranges
                0x00000b70      0x168 build/stm32f4xx_hal_tim_ex.o
 .debug_aranges
                0x00000cd8      0x208 build/stm32f4xx_hal_uart.o
 .debug_aranges
                0x00000ee0       0x28 build/system_stm32f4xx.o
 .debug_aranges
                0x00000f08       0x38 build/motor_dc.o
 .debug_aranges
                0x00000f40       0x48 build/mpu6050.o
 .debug_aranges
                0x00000f88       0x30 build/ultrasonic.o
 .debug_aranges
                0x00000fb8       0x28 build/startup_stm32f411xe.o

.debug_ranges   0x00000000      0xf20
 .debug_ranges  0x00000000       0x58 build/main.o
 .debug_ranges  0x00000058       0x68 build/stm32f4xx_it.o
 .debug_ranges  0x000000c0       0x58 build/stm32f4xx_hal_msp.o
 .debug_ranges  0x00000118       0xd8 build/stm32f4xx_hal_adc.o
 .debug_ranges  0x000001f0       0x90 build/stm32f4xx_hal_rcc.o
 .debug_ranges  0x00000280       0x48 build/stm32f4xx_hal_gpio.o
 .debug_ranges  0x000002c8       0xe8 build/stm32f4xx_hal_cortex.o
 .debug_ranges  0x000003b0       0xe0 build/stm32f4xx_hal.o
 .debug_ranges  0x00000490      0x2b0 build/stm32f4xx_hal_i2c.o
 .debug_ranges  0x00000740      0x3c0 build/stm32f4xx_hal_tim.o
 .debug_ranges  0x00000b00      0x158 build/stm32f4xx_hal_tim_ex.o
 .debug_ranges  0x00000c58      0x210 build/stm32f4xx_hal_uart.o
 .debug_ranges  0x00000e68       0x18 build/system_stm32f4xx.o
 .debug_ranges  0x00000e80       0x28 build/motor_dc.o
 .debug_ranges  0x00000ea8       0x38 build/mpu6050.o
 .debug_ranges  0x00000ee0       0x20 build/ultrasonic.o
 .debug_ranges  0x00000f00       0x20 build/startup_stm32f411xe.o

.debug_line     0x00000000    0x13ac0
 .debug_line    0x00000000      0x961 build/main.o
 .debug_line    0x00000961      0x300 build/stm32f4xx_it.o
 .debug_line    0x00000c61      0x581 build/stm32f4xx_hal_msp.o
 .debug_line    0x000011e2     0x1021 build/stm32f4xx_hal_adc.o
 .debug_line    0x00002203      0xbe3 build/stm32f4xx_hal_rcc.o
 .debug_line    0x00002de6      0x6df build/stm32f4xx_hal_gpio.o
 .debug_line    0x000034c5      0x850 build/stm32f4xx_hal_cortex.o
 .debug_line    0x00003d15      0x58d build/stm32f4xx_hal.o
 .debug_line    0x000042a2     0x5497 build/stm32f4xx_hal_i2c.o
 .debug_line    0x00009739     0x4696 build/stm32f4xx_hal_tim.o
 .debug_line    0x0000ddcf     0x1a79 build/stm32f4xx_hal_tim_ex.o
 .debug_line    0x0000f848     0x34e3 build/stm32f4xx_hal_uart.o
 .debug_line    0x00012d2b      0x274 build/system_stm32f4xx.o
 .debug_line    0x00012f9f      0x23a build/motor_dc.o
 .debug_line    0x000131d9      0x4ce build/mpu6050.o
 .debug_line    0x000136a7      0x3a6 build/ultrasonic.o
 .debug_line    0x00013a4d       0x73 build/startup_stm32f411xe.o

.debug_str      0x00000000     0x4aa4
 .debug_str     0x00000000     0x4aa4 build/main.o
                               0x14ad (size before relaxing)
 .debug_str     0x00004aa4      0x795 build/stm32f4xx_it.o
 .debug_str     0x00004aa4     0x1312 build/stm32f4xx_hal_msp.o
 .debug_str     0x00004aa4      0x92c build/stm32f4xx_hal_adc.o
 .debug_str     0x00004aa4      0x6e2 build/stm32f4xx_hal_rcc.o
 .debug_str     0x00004aa4      0x4bc build/stm32f4xx_hal_gpio.o
 .debug_str     0x00004aa4      0xae7 build/stm32f4xx_hal_cortex.o
 .debug_str     0x00004aa4      0x9e8 build/stm32f4xx_hal.o
 .debug_str     0x00004aa4     0x100c build/stm32f4xx_hal_i2c.o
 .debug_str     0x00004aa4     0x16c9 build/stm32f4xx_hal_tim.o
 .debug_str     0x00004aa4      0xed5 build/stm32f4xx_hal_tim_ex.o
 .debug_str     0x00004aa4      0xd65 build/stm32f4xx_hal_uart.o
 .debug_str     0x00004aa4      0x351 build/system_stm32f4xx.o
 .debug_str     0x00004aa4      0x756 build/motor_dc.o
 .debug_str     0x00004aa4      0x934 build/mpu6050.o
 .debug_str     0x00004aa4      0x806 build/ultrasonic.o
 .debug_str     0x00004aa4       0x4c build/startup_stm32f411xe.o

.debug_frame    0x00000000     0x2e7c
 .debug_frame   0x00000000      0x12c build/main.o
 .debug_frame   0x0000012c       0xf0 build/stm32f4xx_it.o
 .debug_frame   0x0000021c      0x12c build/stm32f4xx_hal_msp.o
 .debug_frame   0x00000348      0x268 build/stm32f4xx_hal_adc.o
 .debug_frame   0x000005b0      0x16c build/stm32f4xx_hal_rcc.o
 .debug_frame   0x0000071c       0xd8 build/stm32f4xx_hal_gpio.o
 .debug_frame   0x000007f4      0x214 build/stm32f4xx_hal_cortex.o
 .debug_frame   0x00000a08      0x1ec build/stm32f4xx_hal.o
 .debug_frame   0x00000bf4      0x988 build/stm32f4xx_hal_i2c.o
 .debug_frame   0x0000157c      0xb20 build/stm32f4xx_hal_tim.o
 .debug_frame   0x0000209c      0x418 build/stm32f4xx_hal_tim_ex.o
 .debug_frame   0x000024b4      0x5dc build/stm32f4xx_hal_uart.o
 .debug_frame   0x00002a90       0x30 build/system_stm32f4xx.o
 .debug_frame   0x00002ac0       0x5c build/motor_dc.o
 .debug_frame   0x00002b1c      0x13c build/mpu6050.o
 .debug_frame   0x00002c58       0x58 build/ultrasonic.o
 .debug_frame   0x00002cb0       0x2c /home/vanmanh/tool/arm-gnu-toolchain-13.3.rel1-x86_64-arm-none-eabi/bin/../lib/gcc/arm-none-eabi/13.3.1/../../../../arm-none-eabi/lib/thumb/v7e-m+fp/hard/libc_nano.a(libc_a-init.o)
 .debug_frame   0x00002cdc       0x20 /home/vanmanh/tool/arm-gnu-toolchain-13.3.rel1-x86_64-arm-none-eabi/bin/../lib/gcc/arm-none-eabi/13.3.1/../../../../arm-none-eabi/lib/thumb/v7e-m+fp/hard/libc_nano.a(libc_a-memset.o)
 .debug_frame   0x00002cfc       0xac /home/vanmanh/tool/arm-gnu-toolchain-13.3.rel1-x86_64-arm-none-eabi/bin/../lib/gcc/arm-none-eabi/13.3.1/thumb/v7e-m+fp/hard/libgcc.a(_arm_addsubdf3.o)
 .debug_frame   0x00002da8       0x50 /home/vanmanh/tool/arm-gnu-toolchain-13.3.rel1-x86_64-arm-none-eabi/bin/../lib/gcc/arm-none-eabi/13.3.1/thumb/v7e-m+fp/hard/libgcc.a(_arm_muldivdf3.o)
 .debug_frame   0x00002df8       0x24 /home/vanmanh/tool/arm-gnu-toolchain-13.3.rel1-x86_64-arm-none-eabi/bin/../lib/gcc/arm-none-eabi/13.3.1/thumb/v7e-m+fp/hard/libgcc.a(_arm_truncdfsf2.o)
 .debug_frame   0x00002e1c       0x2c /home/vanmanh/tool/arm-gnu-toolchain-13.3.rel1-x86_64-arm-none-eabi/bin/../lib/gcc/arm-none-eabi/13.3.1/thumb/v7e-m+fp/hard/libgcc.a(_aeabi_uldivmod.o)
 .debug_frame   0x00002e48       0x34 /home/vanmanh/tool/arm-gnu-toolchain-13.3.rel1-x86_64-arm-none-eabi/bin/../lib/gcc/arm-none-eabi/13.3.1/thumb/v7e-m+fp/hard/libgcc.a(_udivmoddi4.o)

.debug_line_str
                0x00000000       0xdb
 .debug_line_str
                0x00000000       0xdb /home/vanmanh/tool/arm-gnu-toolchain-13.3.rel1-x86_64-arm-none-eabi/bin/../lib/gcc/arm-none-eabi/13.3.1/thumb/v7e-m+fp/hard/libgcc.a(_arm_addsubdf3.o)
                                 0xc7 (size before relaxing)
 .debug_line_str
                0x000000db       0xc7 /home/vanmanh/tool/arm-gnu-toolchain-13.3.rel1-x86_64-arm-none-eabi/bin/../lib/gcc/arm-none-eabi/13.3.1/thumb/v7e-m+fp/hard/libgcc.a(_arm_muldivdf3.o)
 .debug_line_str
                0x000000db       0xc7 /home/vanmanh/tool/arm-gnu-toolchain-13.3.rel1-x86_64-arm-none-eabi/bin/../lib/gcc/arm-none-eabi/13.3.1/thumb/v7e-m+fp/hard/libgcc.a(_arm_truncdfsf2.o)
 .debug_line_str
                0x000000db       0xc2 /home/vanmanh/tool/arm-gnu-toolchain-13.3.rel1-x86_64-arm-none-eabi/bin/../lib/gcc/arm-none-eabi/13.3.1/thumb/v7e-m+fp/hard/libgcc.a(_aeabi_uldivmod.o)
 .debug_line_str
                0x000000db       0xc6 /home/vanmanh/tool/arm-gnu-toolchain-13.3.rel1-x86_64-arm-none-eabi/bin/../lib/gcc/arm-none-eabi/13.3.1/thumb/v7e-m+fp/hard/libgcc.a(_dvmd_tls.o)

Cross Reference Table

Symbol                                            File
ADC_IRQHandler                                    build/startup_stm32f411xe.o
AHBPrescTable                                     build/system_stm32f4xx.o
                                                  build/stm32f4xx_hal_rcc.o
APBPrescTable                                     build/system_stm32f4xx.o
                                                  build/stm32f4xx_hal_rcc.o
Accel_Z_corrector                                 build/mpu6050.o
BusFault_Handler                                  build/stm32f4xx_it.o
DMA1_Stream0_IRQHandler                           build/startup_stm32f411xe.o
DMA1_Stream1_IRQHandler                           build/startup_stm32f411xe.o
DMA1_Stream2_IRQHandler                           build/startup_stm32f411xe.o
DMA1_Stream3_IRQHandler                           build/startup_stm32f411xe.o
DMA1_Stream4_IRQHandler                           build/startup_stm32f411xe.o
DMA1_Stream5_IRQHandler                           build/startup_stm32f411xe.o
DMA1_Stream6_IRQHandler                           build/startup_stm32f411xe.o
DMA1_Stream7_IRQHandler                           build/startup_stm32f411xe.o
DMA2_Stream0_IRQHandler                           build/startup_stm32f411xe.o
DMA2_Stream1_IRQHandler                           build/startup_stm32f411xe.o
DMA2_Stream2_IRQHandler                           build/startup_stm32f411xe.o
DMA2_Stream3_IRQHandler                           build/startup_stm32f411xe.o
DMA2_Stream4_IRQHandler                           build/startup_stm32f411xe.o
DMA2_Stream5_IRQHandler                           build/startup_stm32f411xe.o
DMA2_Stream6_IRQHandler                           build/startup_stm32f411xe.o
DMA2_Stream7_IRQHandler                           build/startup_stm32f411xe.o
DebugMon_Handler                                  build/stm32f4xx_it.o
Default_Handler                                   build/startup_stm32f411xe.o
EXTI0_IRQHandler                                  build/startup_stm32f411xe.o
EXTI15_10_IRQHandler                              build/startup_stm32f411xe.o
EXTI1_IRQHandler                                  build/startup_stm32f411xe.o
EXTI2_IRQHandler                                  build/startup_stm32f411xe.o
EXTI3_IRQHandler                                  build/startup_stm32f411xe.o
EXTI4_IRQHandler                                  build/startup_stm32f411xe.o
EXTI9_5_IRQHandler                                build/startup_stm32f411xe.o
Error_Handler                                     build/main.o
FLASH_Erase_Sector                                build/stm32f4xx_hal_flash_ex.o
                                                  build/stm32f4xx_hal_flash.o
FLASH_FlushCaches                                 build/stm32f4xx_hal_flash_ex.o
                                                  build/stm32f4xx_hal_flash.o
FLASH_IRQHandler                                  build/startup_stm32f411xe.o
FLASH_WaitForLastOperation                        build/stm32f4xx_hal_flash.o
                                                  build/stm32f4xx_hal_flash_ex.o
FPU_IRQHandler                                    build/startup_stm32f411xe.o
HAL_ADCEx_InjectedConfigChannel                   build/stm32f4xx_hal_adc_ex.o
HAL_ADCEx_InjectedConvCpltCallback                build/stm32f4xx_hal_adc_ex.o
                                                  build/stm32f4xx_hal_adc.o
HAL_ADCEx_InjectedGetValue                        build/stm32f4xx_hal_adc_ex.o
HAL_ADCEx_InjectedPollForConversion               build/stm32f4xx_hal_adc_ex.o
HAL_ADCEx_InjectedStart                           build/stm32f4xx_hal_adc_ex.o
HAL_ADCEx_InjectedStart_IT                        build/stm32f4xx_hal_adc_ex.o
HAL_ADCEx_InjectedStop                            build/stm32f4xx_hal_adc_ex.o
HAL_ADCEx_InjectedStop_IT                         build/stm32f4xx_hal_adc_ex.o
HAL_ADCEx_MultiModeConfigChannel                  build/stm32f4xx_hal_adc_ex.o
HAL_ADCEx_MultiModeGetValue                       build/stm32f4xx_hal_adc_ex.o
HAL_ADCEx_MultiModeStart_DMA                      build/stm32f4xx_hal_adc_ex.o
HAL_ADCEx_MultiModeStop_DMA                       build/stm32f4xx_hal_adc_ex.o
HAL_ADC_AnalogWDGConfig                           build/stm32f4xx_hal_adc.o
HAL_ADC_ConfigChannel                             build/stm32f4xx_hal_adc.o
                                                  build/main.o
HAL_ADC_ConvCpltCallback                          build/stm32f4xx_hal_adc.o
                                                  build/stm32f4xx_hal_adc_ex.o
HAL_ADC_ConvHalfCpltCallback                      build/stm32f4xx_hal_adc.o
                                                  build/stm32f4xx_hal_adc_ex.o
HAL_ADC_DeInit                                    build/stm32f4xx_hal_adc.o
HAL_ADC_ErrorCallback                             build/stm32f4xx_hal_adc.o
                                                  build/stm32f4xx_hal_adc_ex.o
HAL_ADC_GetError                                  build/stm32f4xx_hal_adc.o
HAL_ADC_GetState                                  build/stm32f4xx_hal_adc.o
HAL_ADC_GetValue                                  build/stm32f4xx_hal_adc.o
HAL_ADC_IRQHandler                                build/stm32f4xx_hal_adc.o
HAL_ADC_Init                                      build/stm32f4xx_hal_adc.o
                                                  build/main.o
HAL_ADC_LevelOutOfWindowCallback                  build/stm32f4xx_hal_adc.o
HAL_ADC_MspDeInit                                 build/stm32f4xx_hal_msp.o
HAL_ADC_MspInit                                   build/stm32f4xx_hal_msp.o
HAL_ADC_PollForConversion                         build/stm32f4xx_hal_adc.o
HAL_ADC_PollForEvent                              build/stm32f4xx_hal_adc.o
HAL_ADC_Start                                     build/stm32f4xx_hal_adc.o
HAL_ADC_Start_DMA                                 build/stm32f4xx_hal_adc.o
HAL_ADC_Start_IT                                  build/stm32f4xx_hal_adc.o
HAL_ADC_Stop                                      build/stm32f4xx_hal_adc.o
HAL_ADC_Stop_DMA                                  build/stm32f4xx_hal_adc.o
HAL_ADC_Stop_IT                                   build/stm32f4xx_hal_adc.o
HAL_CORTEX_ClearEvent                             build/stm32f4xx_hal_cortex.o
HAL_DBGMCU_DisableDBGSleepMode                    build/stm32f4xx_hal.o
HAL_DBGMCU_DisableDBGStandbyMode                  build/stm32f4xx_hal.o
HAL_DBGMCU_DisableDBGStopMode                     build/stm32f4xx_hal.o
HAL_DBGMCU_EnableDBGSleepMode                     build/stm32f4xx_hal.o
HAL_DBGMCU_EnableDBGStandbyMode                   build/stm32f4xx_hal.o
HAL_DBGMCU_EnableDBGStopMode                      build/stm32f4xx_hal.o
HAL_DMAEx_ChangeMemory                            build/stm32f4xx_hal_dma_ex.o
HAL_DMAEx_MultiBufferStart                        build/stm32f4xx_hal_dma_ex.o
HAL_DMAEx_MultiBufferStart_IT                     build/stm32f4xx_hal_dma_ex.o
HAL_DMA_Abort                                     build/stm32f4xx_hal_dma.o
                                                  build/stm32f4xx_hal_uart.o
                                                  build/stm32f4xx_hal_adc_ex.o
                                                  build/stm32f4xx_hal_adc.o
HAL_DMA_Abort_IT                                  build/stm32f4xx_hal_dma.o
                                                  build/stm32f4xx_hal_uart.o
                                                  build/stm32f4xx_hal_tim_ex.o
                                                  build/stm32f4xx_hal_tim.o
                                                  build/stm32f4xx_hal_i2c.o
HAL_DMA_DeInit                                    build/stm32f4xx_hal_dma.o
HAL_DMA_GetError                                  build/stm32f4xx_hal_dma.o
                                                  build/stm32f4xx_hal_uart.o
                                                  build/stm32f4xx_hal_i2c.o
HAL_DMA_GetState                                  build/stm32f4xx_hal_dma.o
                                                  build/stm32f4xx_hal_i2c.o
HAL_DMA_IRQHandler                                build/stm32f4xx_hal_dma.o
HAL_DMA_Init                                      build/stm32f4xx_hal_dma.o
HAL_DMA_PollForTransfer                           build/stm32f4xx_hal_dma.o
HAL_DMA_RegisterCallback                          build/stm32f4xx_hal_dma.o
HAL_DMA_Start                                     build/stm32f4xx_hal_dma.o
HAL_DMA_Start_IT                                  build/stm32f4xx_hal_dma.o
                                                  build/stm32f4xx_hal_uart.o
                                                  build/stm32f4xx_hal_tim_ex.o
                                                  build/stm32f4xx_hal_tim.o
                                                  build/stm32f4xx_hal_i2c.o
                                                  build/stm32f4xx_hal_adc_ex.o
                                                  build/stm32f4xx_hal_adc.o
HAL_DMA_UnRegisterCallback                        build/stm32f4xx_hal_dma.o
HAL_DeInit                                        build/stm32f4xx_hal.o
HAL_Delay                                         build/stm32f4xx_hal.o
                                                  build/main.o
HAL_DisableCompensationCell                       build/stm32f4xx_hal.o
HAL_EXTI_ClearConfigLine                          build/stm32f4xx_hal_exti.o
HAL_EXTI_ClearPending                             build/stm32f4xx_hal_exti.o
HAL_EXTI_GenerateSWI                              build/stm32f4xx_hal_exti.o
HAL_EXTI_GetConfigLine                            build/stm32f4xx_hal_exti.o
HAL_EXTI_GetHandle                                build/stm32f4xx_hal_exti.o
HAL_EXTI_GetPending                               build/stm32f4xx_hal_exti.o
HAL_EXTI_IRQHandler                               build/stm32f4xx_hal_exti.o
HAL_EXTI_RegisterCallback                         build/stm32f4xx_hal_exti.o
HAL_EXTI_SetConfigLine                            build/stm32f4xx_hal_exti.o
HAL_EnableCompensationCell                        build/stm32f4xx_hal.o
HAL_FLASHEx_AdvOBGetConfig                        build/stm32f4xx_hal_flash_ex.o
HAL_FLASHEx_AdvOBProgram                          build/stm32f4xx_hal_flash_ex.o
HAL_FLASHEx_DisableFlashSleepMode                 build/stm32f4xx_hal_flash_ramfunc.o
HAL_FLASHEx_EnableFlashSleepMode                  build/stm32f4xx_hal_flash_ramfunc.o
HAL_FLASHEx_Erase                                 build/stm32f4xx_hal_flash_ex.o
HAL_FLASHEx_Erase_IT                              build/stm32f4xx_hal_flash_ex.o
HAL_FLASHEx_OBGetConfig                           build/stm32f4xx_hal_flash_ex.o
HAL_FLASHEx_OBProgram                             build/stm32f4xx_hal_flash_ex.o
HAL_FLASHEx_OB_DeSelectPCROP                      build/stm32f4xx_hal_flash_ex.o
HAL_FLASHEx_OB_SelectPCROP                        build/stm32f4xx_hal_flash_ex.o
HAL_FLASHEx_StartFlashInterfaceClk                build/stm32f4xx_hal_flash_ramfunc.o
HAL_FLASHEx_StopFlashInterfaceClk                 build/stm32f4xx_hal_flash_ramfunc.o
HAL_FLASH_EndOfOperationCallback                  build/stm32f4xx_hal_flash.o
HAL_FLASH_GetError                                build/stm32f4xx_hal_flash.o
HAL_FLASH_IRQHandler                              build/stm32f4xx_hal_flash.o
HAL_FLASH_Lock                                    build/stm32f4xx_hal_flash.o
HAL_FLASH_OB_Launch                               build/stm32f4xx_hal_flash.o
HAL_FLASH_OB_Lock                                 build/stm32f4xx_hal_flash.o
HAL_FLASH_OB_Unlock                               build/stm32f4xx_hal_flash.o
HAL_FLASH_OperationErrorCallback                  build/stm32f4xx_hal_flash.o
HAL_FLASH_Program                                 build/stm32f4xx_hal_flash.o
HAL_FLASH_Program_IT                              build/stm32f4xx_hal_flash.o
HAL_FLASH_Unlock                                  build/stm32f4xx_hal_flash.o
HAL_GPIO_DeInit                                   build/stm32f4xx_hal_gpio.o
                                                  build/stm32f4xx_hal_msp.o
HAL_GPIO_EXTI_Callback                            build/stm32f4xx_hal_gpio.o
HAL_GPIO_EXTI_IRQHandler                          build/stm32f4xx_hal_gpio.o
HAL_GPIO_Init                                     build/stm32f4xx_hal_gpio.o
                                                  build/stm32f4xx_hal_rcc.o
                                                  build/stm32f4xx_hal_msp.o
                                                  build/main.o
HAL_GPIO_LockPin                                  build/stm32f4xx_hal_gpio.o
HAL_GPIO_ReadPin                                  build/stm32f4xx_hal_gpio.o
HAL_GPIO_TogglePin                                build/stm32f4xx_hal_gpio.o
HAL_GPIO_WritePin                                 build/stm32f4xx_hal_gpio.o
                                                  build/ultrasonic.o
                                                  build/main.o
HAL_GetDEVID                                      build/stm32f4xx_hal.o
HAL_GetHalVersion                                 build/stm32f4xx_hal.o
HAL_GetREVID                                      build/stm32f4xx_hal.o
HAL_GetTick                                       build/stm32f4xx_hal.o
                                                  build/stm32f4xx_hal_uart.o
                                                  build/stm32f4xx_hal_i2c.o
                                                  build/stm32f4xx_hal_pwr_ex.o
                                                  build/stm32f4xx_hal_dma.o
                                                  build/stm32f4xx_hal_flash.o
                                                  build/stm32f4xx_hal_rcc_ex.o
                                                  build/stm32f4xx_hal_rcc.o
                                                  build/stm32f4xx_hal_adc_ex.o
                                                  build/stm32f4xx_hal_adc.o
HAL_GetTickFreq                                   build/stm32f4xx_hal.o
HAL_GetTickPrio                                   build/stm32f4xx_hal.o
HAL_GetUIDw0                                      build/stm32f4xx_hal.o
HAL_GetUIDw1                                      build/stm32f4xx_hal.o
HAL_GetUIDw2                                      build/stm32f4xx_hal.o
HAL_HalfDuplex_EnableReceiver                     build/stm32f4xx_hal_uart.o
HAL_HalfDuplex_EnableTransmitter                  build/stm32f4xx_hal_uart.o
HAL_HalfDuplex_Init                               build/stm32f4xx_hal_uart.o
HAL_I2CEx_ConfigAnalogFilter                      build/stm32f4xx_hal_i2c_ex.o
HAL_I2CEx_ConfigDigitalFilter                     build/stm32f4xx_hal_i2c_ex.o
HAL_I2C_AbortCpltCallback                         build/stm32f4xx_hal_i2c.o
HAL_I2C_AddrCallback                              build/stm32f4xx_hal_i2c.o
HAL_I2C_DeInit                                    build/stm32f4xx_hal_i2c.o
HAL_I2C_DisableListen_IT                          build/stm32f4xx_hal_i2c.o
HAL_I2C_ER_IRQHandler                             build/stm32f4xx_hal_i2c.o
HAL_I2C_EV_IRQHandler                             build/stm32f4xx_hal_i2c.o
HAL_I2C_EnableListen_IT                           build/stm32f4xx_hal_i2c.o
HAL_I2C_ErrorCallback                             build/stm32f4xx_hal_i2c.o
HAL_I2C_GetError                                  build/stm32f4xx_hal_i2c.o
HAL_I2C_GetMode                                   build/stm32f4xx_hal_i2c.o
HAL_I2C_GetState                                  build/stm32f4xx_hal_i2c.o
HAL_I2C_Init                                      build/stm32f4xx_hal_i2c.o
                                                  build/main.o
HAL_I2C_IsDeviceReady                             build/stm32f4xx_hal_i2c.o
HAL_I2C_ListenCpltCallback                        build/stm32f4xx_hal_i2c.o
HAL_I2C_MasterRxCpltCallback                      build/stm32f4xx_hal_i2c.o
HAL_I2C_MasterTxCpltCallback                      build/stm32f4xx_hal_i2c.o
HAL_I2C_Master_Abort_IT                           build/stm32f4xx_hal_i2c.o
HAL_I2C_Master_Receive                            build/stm32f4xx_hal_i2c.o
HAL_I2C_Master_Receive_DMA                        build/stm32f4xx_hal_i2c.o
HAL_I2C_Master_Receive_IT                         build/stm32f4xx_hal_i2c.o
HAL_I2C_Master_Seq_Receive_DMA                    build/stm32f4xx_hal_i2c.o
HAL_I2C_Master_Seq_Receive_IT                     build/stm32f4xx_hal_i2c.o
HAL_I2C_Master_Seq_Transmit_DMA                   build/stm32f4xx_hal_i2c.o
HAL_I2C_Master_Seq_Transmit_IT                    build/stm32f4xx_hal_i2c.o
HAL_I2C_Master_Transmit                           build/stm32f4xx_hal_i2c.o
HAL_I2C_Master_Transmit_DMA                       build/stm32f4xx_hal_i2c.o
HAL_I2C_Master_Transmit_IT                        build/stm32f4xx_hal_i2c.o
HAL_I2C_MemRxCpltCallback                         build/stm32f4xx_hal_i2c.o
HAL_I2C_MemTxCpltCallback                         build/stm32f4xx_hal_i2c.o
HAL_I2C_Mem_Read                                  build/stm32f4xx_hal_i2c.o
                                                  build/mpu6050.o
HAL_I2C_Mem_Read_DMA                              build/stm32f4xx_hal_i2c.o
HAL_I2C_Mem_Read_IT                               build/stm32f4xx_hal_i2c.o
HAL_I2C_Mem_Write                                 build/stm32f4xx_hal_i2c.o
                                                  build/mpu6050.o
HAL_I2C_Mem_Write_DMA                             build/stm32f4xx_hal_i2c.o
HAL_I2C_Mem_Write_IT                              build/stm32f4xx_hal_i2c.o
HAL_I2C_MspDeInit                                 build/stm32f4xx_hal_msp.o
HAL_I2C_MspInit                                   build/stm32f4xx_hal_msp.o
HAL_I2C_SlaveRxCpltCallback                       build/stm32f4xx_hal_i2c.o
HAL_I2C_SlaveTxCpltCallback                       build/stm32f4xx_hal_i2c.o
HAL_I2C_Slave_Receive                             build/stm32f4xx_hal_i2c.o
HAL_I2C_Slave_Receive_DMA                         build/stm32f4xx_hal_i2c.o
HAL_I2C_Slave_Receive_IT                          build/stm32f4xx_hal_i2c.o
HAL_I2C_Slave_Seq_Receive_DMA                     build/stm32f4xx_hal_i2c.o
HAL_I2C_Slave_Seq_Receive_IT                      build/stm32f4xx_hal_i2c.o
HAL_I2C_Slave_Seq_Transmit_DMA                    build/stm32f4xx_hal_i2c.o
HAL_I2C_Slave_Seq_Transmit_IT                     build/stm32f4xx_hal_i2c.o
HAL_I2C_Slave_Transmit                            build/stm32f4xx_hal_i2c.o
HAL_I2C_Slave_Transmit_DMA                        build/stm32f4xx_hal_i2c.o
HAL_I2C_Slave_Transmit_IT                         build/stm32f4xx_hal_i2c.o
HAL_IncTick                                       build/stm32f4xx_hal.o
                                                  build/stm32f4xx_it.o
HAL_Init                                          build/stm32f4xx_hal.o
                                                  build/main.o
HAL_InitTick                                      build/stm32f4xx_hal.o
                                                  build/stm32f4xx_hal_rcc_ex.o
                                                  build/stm32f4xx_hal_rcc.o
HAL_LIN_Init                                      build/stm32f4xx_hal_uart.o
HAL_LIN_SendBreak                                 build/stm32f4xx_hal_uart.o
HAL_MPU_ConfigRegion                              build/stm32f4xx_hal_cortex.o
HAL_MPU_Disable                                   build/stm32f4xx_hal_cortex.o
HAL_MPU_DisableRegion                             build/stm32f4xx_hal_cortex.o
HAL_MPU_Enable                                    build/stm32f4xx_hal_cortex.o
HAL_MPU_EnableRegion                              build/stm32f4xx_hal_cortex.o
HAL_MspDeInit                                     build/stm32f4xx_hal.o
HAL_MspInit                                       build/stm32f4xx_hal_msp.o
HAL_MultiProcessor_EnterMuteMode                  build/stm32f4xx_hal_uart.o
HAL_MultiProcessor_ExitMuteMode                   build/stm32f4xx_hal_uart.o
HAL_MultiProcessor_Init                           build/stm32f4xx_hal_uart.o
HAL_NVIC_ClearPendingIRQ                          build/stm32f4xx_hal_cortex.o
HAL_NVIC_DisableIRQ                               build/stm32f4xx_hal_cortex.o
                                                  build/stm32f4xx_hal_msp.o
HAL_NVIC_EnableIRQ                                build/stm32f4xx_hal_cortex.o
                                                  build/stm32f4xx_hal_msp.o
HAL_NVIC_GetActive                                build/stm32f4xx_hal_cortex.o
HAL_NVIC_GetPendingIRQ                            build/stm32f4xx_hal_cortex.o
HAL_NVIC_GetPriority                              build/stm32f4xx_hal_cortex.o
HAL_NVIC_GetPriorityGrouping                      build/stm32f4xx_hal_cortex.o
HAL_NVIC_SetPendingIRQ                            build/stm32f4xx_hal_cortex.o
HAL_NVIC_SetPriority                              build/stm32f4xx_hal_cortex.o
                                                  build/stm32f4xx_hal.o
                                                  build/stm32f4xx_hal_msp.o
HAL_NVIC_SetPriorityGrouping                      build/stm32f4xx_hal_cortex.o
                                                  build/stm32f4xx_hal.o
HAL_NVIC_SystemReset                              build/stm32f4xx_hal_cortex.o
HAL_PWREx_ControlVoltageScaling                   build/stm32f4xx_hal_pwr_ex.o
HAL_PWREx_DisableBkUpReg                          build/stm32f4xx_hal_pwr_ex.o
HAL_PWREx_DisableFlashPowerDown                   build/stm32f4xx_hal_pwr_ex.o
HAL_PWREx_DisableLowRegulatorLowVoltage           build/stm32f4xx_hal_pwr_ex.o
HAL_PWREx_DisableMainRegulatorLowVoltage          build/stm32f4xx_hal_pwr_ex.o
HAL_PWREx_EnableBkUpReg                           build/stm32f4xx_hal_pwr_ex.o
HAL_PWREx_EnableFlashPowerDown                    build/stm32f4xx_hal_pwr_ex.o
HAL_PWREx_EnableLowRegulatorLowVoltage            build/stm32f4xx_hal_pwr_ex.o
HAL_PWREx_EnableMainRegulatorLowVoltage           build/stm32f4xx_hal_pwr_ex.o
HAL_PWREx_GetVoltageRange                         build/stm32f4xx_hal_pwr_ex.o
HAL_PWR_ConfigPVD                                 build/stm32f4xx_hal_pwr.o
HAL_PWR_DeInit                                    build/stm32f4xx_hal_pwr.o
HAL_PWR_DisableBkUpAccess                         build/stm32f4xx_hal_pwr.o
HAL_PWR_DisablePVD                                build/stm32f4xx_hal_pwr.o
HAL_PWR_DisableSEVOnPend                          build/stm32f4xx_hal_pwr.o
HAL_PWR_DisableSleepOnExit                        build/stm32f4xx_hal_pwr.o
HAL_PWR_DisableWakeUpPin                          build/stm32f4xx_hal_pwr.o
HAL_PWR_EnableBkUpAccess                          build/stm32f4xx_hal_pwr.o
HAL_PWR_EnablePVD                                 build/stm32f4xx_hal_pwr.o
HAL_PWR_EnableSEVOnPend                           build/stm32f4xx_hal_pwr.o
HAL_PWR_EnableSleepOnExit                         build/stm32f4xx_hal_pwr.o
HAL_PWR_EnableWakeUpPin                           build/stm32f4xx_hal_pwr.o
HAL_PWR_EnterSLEEPMode                            build/stm32f4xx_hal_pwr.o
HAL_PWR_EnterSTANDBYMode                          build/stm32f4xx_hal_pwr.o
HAL_PWR_EnterSTOPMode                             build/stm32f4xx_hal_pwr.o
HAL_PWR_PVDCallback                               build/stm32f4xx_hal_pwr.o
HAL_PWR_PVD_IRQHandler                            build/stm32f4xx_hal_pwr.o
HAL_RCCEx_DisablePLLI2S                           build/stm32f4xx_hal_rcc_ex.o
HAL_RCCEx_EnablePLLI2S                            build/stm32f4xx_hal_rcc_ex.o
HAL_RCCEx_GetPeriphCLKConfig                      build/stm32f4xx_hal_rcc_ex.o
HAL_RCCEx_GetPeriphCLKFreq                        build/stm32f4xx_hal_rcc_ex.o
HAL_RCCEx_PeriphCLKConfig                         build/stm32f4xx_hal_rcc_ex.o
HAL_RCCEx_SelectLSEMode                           build/stm32f4xx_hal_rcc_ex.o
HAL_RCC_CSSCallback                               build/stm32f4xx_hal_rcc.o
HAL_RCC_ClockConfig                               build/stm32f4xx_hal_rcc.o
                                                  build/main.o
HAL_RCC_DeInit                                    build/stm32f4xx_hal_rcc_ex.o
                                                  build/stm32f4xx_hal_rcc.o
HAL_RCC_DisableCSS                                build/stm32f4xx_hal_rcc.o
HAL_RCC_EnableCSS                                 build/stm32f4xx_hal_rcc.o
HAL_RCC_GetClockConfig                            build/stm32f4xx_hal_rcc.o
HAL_RCC_GetHCLKFreq                               build/stm32f4xx_hal_rcc.o
HAL_RCC_GetOscConfig                              build/stm32f4xx_hal_rcc.o
HAL_RCC_GetPCLK1Freq                              build/stm32f4xx_hal_rcc.o
                                                  build/stm32f4xx_hal_uart.o
                                                  build/stm32f4xx_hal_i2c.o
HAL_RCC_GetPCLK2Freq                              build/stm32f4xx_hal_rcc.o
                                                  build/stm32f4xx_hal_uart.o
HAL_RCC_GetSysClockFreq                           build/stm32f4xx_hal_rcc.o
HAL_RCC_MCOConfig                                 build/stm32f4xx_hal_rcc.o
HAL_RCC_NMI_IRQHandler                            build/stm32f4xx_hal_rcc.o
HAL_RCC_OscConfig                                 build/stm32f4xx_hal_rcc.o
                                                  build/main.o
HAL_ResumeTick                                    build/stm32f4xx_hal.o
HAL_SYSTICK_CLKSourceConfig                       build/stm32f4xx_hal_cortex.o
HAL_SYSTICK_Callback                              build/stm32f4xx_hal_cortex.o
HAL_SYSTICK_Config                                build/stm32f4xx_hal_cortex.o
                                                  build/stm32f4xx_hal.o
HAL_SYSTICK_IRQHandler                            build/stm32f4xx_hal_cortex.o
HAL_SetTickFreq                                   build/stm32f4xx_hal.o
HAL_SuspendTick                                   build/stm32f4xx_hal.o
HAL_TIMEx_BreakCallback                           build/stm32f4xx_hal_tim_ex.o
                                                  build/stm32f4xx_hal_tim.o
HAL_TIMEx_CommutCallback                          build/stm32f4xx_hal_tim_ex.o
                                                  build/stm32f4xx_hal_tim.o
HAL_TIMEx_CommutHalfCpltCallback                  build/stm32f4xx_hal_tim_ex.o
HAL_TIMEx_ConfigBreakDeadTime                     build/stm32f4xx_hal_tim_ex.o
HAL_TIMEx_ConfigCommutEvent                       build/stm32f4xx_hal_tim_ex.o
HAL_TIMEx_ConfigCommutEvent_DMA                   build/stm32f4xx_hal_tim_ex.o
HAL_TIMEx_ConfigCommutEvent_IT                    build/stm32f4xx_hal_tim_ex.o
HAL_TIMEx_GetChannelNState                        build/stm32f4xx_hal_tim_ex.o
HAL_TIMEx_HallSensor_DeInit                       build/stm32f4xx_hal_tim_ex.o
HAL_TIMEx_HallSensor_GetState                     build/stm32f4xx_hal_tim_ex.o
HAL_TIMEx_HallSensor_Init                         build/stm32f4xx_hal_tim_ex.o
HAL_TIMEx_HallSensor_MspDeInit                    build/stm32f4xx_hal_tim_ex.o
HAL_TIMEx_HallSensor_MspInit                      build/stm32f4xx_hal_tim_ex.o
HAL_TIMEx_HallSensor_Start                        build/stm32f4xx_hal_tim_ex.o
HAL_TIMEx_HallSensor_Start_DMA                    build/stm32f4xx_hal_tim_ex.o
HAL_TIMEx_HallSensor_Start_IT                     build/stm32f4xx_hal_tim_ex.o
HAL_TIMEx_HallSensor_Stop                         build/stm32f4xx_hal_tim_ex.o
HAL_TIMEx_HallSensor_Stop_DMA                     build/stm32f4xx_hal_tim_ex.o
HAL_TIMEx_HallSensor_Stop_IT                      build/stm32f4xx_hal_tim_ex.o
HAL_TIMEx_MasterConfigSynchronization             build/stm32f4xx_hal_tim_ex.o
                                                  build/main.o
HAL_TIMEx_OCN_Start                               build/stm32f4xx_hal_tim_ex.o
HAL_TIMEx_OCN_Start_DMA                           build/stm32f4xx_hal_tim_ex.o
HAL_TIMEx_OCN_Start_IT                            build/stm32f4xx_hal_tim_ex.o
HAL_TIMEx_OCN_Stop                                build/stm32f4xx_hal_tim_ex.o
HAL_TIMEx_OCN_Stop_DMA                            build/stm32f4xx_hal_tim_ex.o
HAL_TIMEx_OCN_Stop_IT                             build/stm32f4xx_hal_tim_ex.o
HAL_TIMEx_OnePulseN_Start                         build/stm32f4xx_hal_tim_ex.o
HAL_TIMEx_OnePulseN_Start_IT                      build/stm32f4xx_hal_tim_ex.o
HAL_TIMEx_OnePulseN_Stop                          build/stm32f4xx_hal_tim_ex.o
HAL_TIMEx_OnePulseN_Stop_IT                       build/stm32f4xx_hal_tim_ex.o
HAL_TIMEx_PWMN_Start                              build/stm32f4xx_hal_tim_ex.o
HAL_TIMEx_PWMN_Start_DMA                          build/stm32f4xx_hal_tim_ex.o
HAL_TIMEx_PWMN_Start_IT                           build/stm32f4xx_hal_tim_ex.o
HAL_TIMEx_PWMN_Stop                               build/stm32f4xx_hal_tim_ex.o
HAL_TIMEx_PWMN_Stop_DMA                           build/stm32f4xx_hal_tim_ex.o
HAL_TIMEx_PWMN_Stop_IT                            build/stm32f4xx_hal_tim_ex.o
HAL_TIMEx_RemapConfig                             build/stm32f4xx_hal_tim_ex.o
HAL_TIM_Base_DeInit                               build/stm32f4xx_hal_tim.o
HAL_TIM_Base_GetState                             build/stm32f4xx_hal_tim.o
HAL_TIM_Base_Init                                 build/stm32f4xx_hal_tim.o
                                                  build/main.o
HAL_TIM_Base_MspDeInit                            build/stm32f4xx_hal_msp.o
HAL_TIM_Base_MspInit                              build/stm32f4xx_hal_msp.o
HAL_TIM_Base_Start                                build/stm32f4xx_hal_tim.o
HAL_TIM_Base_Start_DMA                            build/stm32f4xx_hal_tim.o
HAL_TIM_Base_Start_IT                             build/stm32f4xx_hal_tim.o
HAL_TIM_Base_Stop                                 build/stm32f4xx_hal_tim.o
HAL_TIM_Base_Stop_DMA                             build/stm32f4xx_hal_tim.o
HAL_TIM_Base_Stop_IT                              build/stm32f4xx_hal_tim.o
HAL_TIM_ConfigClockSource                         build/stm32f4xx_hal_tim.o
                                                  build/main.o
HAL_TIM_ConfigOCrefClear                          build/stm32f4xx_hal_tim.o
HAL_TIM_ConfigTI1Input                            build/stm32f4xx_hal_tim.o
HAL_TIM_DMABurstState                             build/stm32f4xx_hal_tim.o
HAL_TIM_DMABurst_MultiReadStart                   build/stm32f4xx_hal_tim.o
HAL_TIM_DMABurst_MultiWriteStart                  build/stm32f4xx_hal_tim.o
HAL_TIM_DMABurst_ReadStart                        build/stm32f4xx_hal_tim.o
HAL_TIM_DMABurst_ReadStop                         build/stm32f4xx_hal_tim.o
HAL_TIM_DMABurst_WriteStart                       build/stm32f4xx_hal_tim.o
HAL_TIM_DMABurst_WriteStop                        build/stm32f4xx_hal_tim.o
HAL_TIM_Encoder_DeInit                            build/stm32f4xx_hal_tim.o
HAL_TIM_Encoder_GetState                          build/stm32f4xx_hal_tim.o
HAL_TIM_Encoder_Init                              build/stm32f4xx_hal_tim.o
HAL_TIM_Encoder_MspDeInit                         build/stm32f4xx_hal_tim.o
HAL_TIM_Encoder_MspInit                           build/stm32f4xx_hal_tim.o
HAL_TIM_Encoder_Start                             build/stm32f4xx_hal_tim.o
HAL_TIM_Encoder_Start_DMA                         build/stm32f4xx_hal_tim.o
HAL_TIM_Encoder_Start_IT                          build/stm32f4xx_hal_tim.o
HAL_TIM_Encoder_Stop                              build/stm32f4xx_hal_tim.o
HAL_TIM_Encoder_Stop_DMA                          build/stm32f4xx_hal_tim.o
HAL_TIM_Encoder_Stop_IT                           build/stm32f4xx_hal_tim.o
HAL_TIM_ErrorCallback                             build/stm32f4xx_hal_tim.o
                                                  build/stm32f4xx_hal_tim_ex.o
HAL_TIM_GenerateEvent                             build/stm32f4xx_hal_tim.o
HAL_TIM_GetActiveChannel                          build/stm32f4xx_hal_tim.o
HAL_TIM_GetChannelState                           build/stm32f4xx_hal_tim.o
HAL_TIM_IC_CaptureCallback                        build/ultrasonic.o
                                                  build/stm32f4xx_hal_tim.o
HAL_TIM_IC_CaptureHalfCpltCallback                build/stm32f4xx_hal_tim.o
HAL_TIM_IC_ConfigChannel                          build/stm32f4xx_hal_tim.o
                                                  build/main.o
HAL_TIM_IC_DeInit                                 build/stm32f4xx_hal_tim.o
HAL_TIM_IC_GetState                               build/stm32f4xx_hal_tim.o
HAL_TIM_IC_Init                                   build/stm32f4xx_hal_tim.o
                                                  build/main.o
HAL_TIM_IC_MspDeInit                              build/stm32f4xx_hal_tim.o
HAL_TIM_IC_MspInit                                build/stm32f4xx_hal_tim.o
HAL_TIM_IC_Start                                  build/stm32f4xx_hal_tim.o
HAL_TIM_IC_Start_DMA                              build/stm32f4xx_hal_tim.o
HAL_TIM_IC_Start_IT                               build/stm32f4xx_hal_tim.o
                                                  build/main.o
HAL_TIM_IC_Stop                                   build/stm32f4xx_hal_tim.o
HAL_TIM_IC_Stop_DMA                               build/stm32f4xx_hal_tim.o
HAL_TIM_IC_Stop_IT                                build/stm32f4xx_hal_tim.o
HAL_TIM_IRQHandler                                build/stm32f4xx_hal_tim.o
                                                  build/stm32f4xx_it.o
HAL_TIM_MspPostInit                               build/stm32f4xx_hal_msp.o
                                                  build/main.o
HAL_TIM_OC_ConfigChannel                          build/stm32f4xx_hal_tim.o
HAL_TIM_OC_DeInit                                 build/stm32f4xx_hal_tim.o
HAL_TIM_OC_DelayElapsedCallback                   build/stm32f4xx_hal_tim.o
HAL_TIM_OC_GetState                               build/stm32f4xx_hal_tim.o
HAL_TIM_OC_Init                                   build/stm32f4xx_hal_tim.o
HAL_TIM_OC_MspDeInit                              build/stm32f4xx_hal_tim.o
HAL_TIM_OC_MspInit                                build/stm32f4xx_hal_tim.o
HAL_TIM_OC_Start                                  build/stm32f4xx_hal_tim.o
HAL_TIM_OC_Start_DMA                              build/stm32f4xx_hal_tim.o
HAL_TIM_OC_Start_IT                               build/stm32f4xx_hal_tim.o
HAL_TIM_OC_Stop                                   build/stm32f4xx_hal_tim.o
HAL_TIM_OC_Stop_DMA                               build/stm32f4xx_hal_tim.o
HAL_TIM_OC_Stop_IT                                build/stm32f4xx_hal_tim.o
HAL_TIM_OnePulse_ConfigChannel                    build/stm32f4xx_hal_tim.o
HAL_TIM_OnePulse_DeInit                           build/stm32f4xx_hal_tim.o
HAL_TIM_OnePulse_GetState                         build/stm32f4xx_hal_tim.o
HAL_TIM_OnePulse_Init                             build/stm32f4xx_hal_tim.o
HAL_TIM_OnePulse_MspDeInit                        build/stm32f4xx_hal_tim.o
HAL_TIM_OnePulse_MspInit                          build/stm32f4xx_hal_tim.o
HAL_TIM_OnePulse_Start                            build/stm32f4xx_hal_tim.o
HAL_TIM_OnePulse_Start_IT                         build/stm32f4xx_hal_tim.o
HAL_TIM_OnePulse_Stop                             build/stm32f4xx_hal_tim.o
HAL_TIM_OnePulse_Stop_IT                          build/stm32f4xx_hal_tim.o
HAL_TIM_PWM_ConfigChannel                         build/stm32f4xx_hal_tim.o
                                                  build/main.o
HAL_TIM_PWM_DeInit                                build/stm32f4xx_hal_tim.o
HAL_TIM_PWM_GetState                              build/stm32f4xx_hal_tim.o
HAL_TIM_PWM_Init                                  build/stm32f4xx_hal_tim.o
                                                  build/main.o
HAL_TIM_PWM_MspDeInit                             build/stm32f4xx_hal_tim.o
HAL_TIM_PWM_MspInit                               build/stm32f4xx_hal_tim.o
HAL_TIM_PWM_PulseFinishedCallback                 build/stm32f4xx_hal_tim.o
                                                  build/stm32f4xx_hal_tim_ex.o
HAL_TIM_PWM_PulseFinishedHalfCpltCallback         build/stm32f4xx_hal_tim.o
HAL_TIM_PWM_Start                                 build/stm32f4xx_hal_tim.o
                                                  build/motor_dc.o
HAL_TIM_PWM_Start_DMA                             build/stm32f4xx_hal_tim.o
HAL_TIM_PWM_Start_IT                              build/stm32f4xx_hal_tim.o
HAL_TIM_PWM_Stop                                  build/stm32f4xx_hal_tim.o
HAL_TIM_PWM_Stop_DMA                              build/stm32f4xx_hal_tim.o
HAL_TIM_PWM_Stop_IT                               build/stm32f4xx_hal_tim.o
HAL_TIM_PeriodElapsedCallback                     build/stm32f4xx_hal_tim.o
HAL_TIM_PeriodElapsedHalfCpltCallback             build/stm32f4xx_hal_tim.o
HAL_TIM_ReadCapturedValue                         build/stm32f4xx_hal_tim.o
                                                  build/ultrasonic.o
HAL_TIM_SlaveConfigSynchro                        build/stm32f4xx_hal_tim.o
HAL_TIM_SlaveConfigSynchro_IT                     build/stm32f4xx_hal_tim.o
HAL_TIM_TriggerCallback                           build/stm32f4xx_hal_tim.o
HAL_TIM_TriggerHalfCpltCallback                   build/stm32f4xx_hal_tim.o
HAL_UARTEx_GetRxEventType                         build/stm32f4xx_hal_uart.o
HAL_UARTEx_ReceiveToIdle                          build/stm32f4xx_hal_uart.o
HAL_UARTEx_ReceiveToIdle_DMA                      build/stm32f4xx_hal_uart.o
HAL_UARTEx_ReceiveToIdle_IT                       build/stm32f4xx_hal_uart.o
HAL_UARTEx_RxEventCallback                        build/stm32f4xx_hal_uart.o
HAL_UART_Abort                                    build/stm32f4xx_hal_uart.o
HAL_UART_AbortCpltCallback                        build/stm32f4xx_hal_uart.o
HAL_UART_AbortReceive                             build/stm32f4xx_hal_uart.o
HAL_UART_AbortReceiveCpltCallback                 build/stm32f4xx_hal_uart.o
HAL_UART_AbortReceive_IT                          build/stm32f4xx_hal_uart.o
HAL_UART_AbortTransmit                            build/stm32f4xx_hal_uart.o
HAL_UART_AbortTransmitCpltCallback                build/stm32f4xx_hal_uart.o
HAL_UART_AbortTransmit_IT                         build/stm32f4xx_hal_uart.o
HAL_UART_Abort_IT                                 build/stm32f4xx_hal_uart.o
HAL_UART_DMAPause                                 build/stm32f4xx_hal_uart.o
HAL_UART_DMAResume                                build/stm32f4xx_hal_uart.o
HAL_UART_DMAStop                                  build/stm32f4xx_hal_uart.o
HAL_UART_DeInit                                   build/stm32f4xx_hal_uart.o
HAL_UART_ErrorCallback                            build/stm32f4xx_hal_uart.o
HAL_UART_GetError                                 build/stm32f4xx_hal_uart.o
HAL_UART_GetState                                 build/stm32f4xx_hal_uart.o
HAL_UART_IRQHandler                               build/stm32f4xx_hal_uart.o
HAL_UART_Init                                     build/stm32f4xx_hal_uart.o
                                                  build/main.o
HAL_UART_MspDeInit                                build/stm32f4xx_hal_msp.o
HAL_UART_MspInit                                  build/stm32f4xx_hal_msp.o
HAL_UART_Receive                                  build/stm32f4xx_hal_uart.o
HAL_UART_Receive_DMA                              build/stm32f4xx_hal_uart.o
HAL_UART_Receive_IT                               build/stm32f4xx_hal_uart.o
HAL_UART_RxCpltCallback                           build/stm32f4xx_hal_uart.o
HAL_UART_RxHalfCpltCallback                       build/stm32f4xx_hal_uart.o
HAL_UART_Transmit                                 build/stm32f4xx_hal_uart.o
HAL_UART_Transmit_DMA                             build/stm32f4xx_hal_uart.o
HAL_UART_Transmit_IT                              build/stm32f4xx_hal_uart.o
HAL_UART_TxCpltCallback                           build/stm32f4xx_hal_uart.o
HAL_UART_TxHalfCpltCallback                       build/stm32f4xx_hal_uart.o
HardFault_Handler                                 build/stm32f4xx_it.o
I2C1_ER_IRQHandler                                build/startup_stm32f411xe.o
I2C1_EV_IRQHandler                                build/startup_stm32f411xe.o
I2C2_ER_IRQHandler                                build/startup_stm32f411xe.o
I2C2_EV_IRQHandler                                build/startup_stm32f411xe.o
I2C3_ER_IRQHandler                                build/startup_stm32f411xe.o
I2C3_EV_IRQHandler                                build/startup_stm32f411xe.o
KalmanX                                           build/mpu6050.o
KalmanY                                           build/mpu6050.o
KalmanZ                                           build/mpu6050.o
Kalman_getAngle                                   build/mpu6050.o
MPU6050_Init                                      build/mpu6050.o
                                                  build/main.o
MPU6050_Read_Accel                                build/mpu6050.o
MPU6050_Read_All                                  build/mpu6050.o
                                                  build/main.o
MPU6050_Read_Gyro                                 build/mpu6050.o
MPU6050_Read_Temp                                 build/mpu6050.o
MemManage_Handler                                 build/stm32f4xx_it.o
NMI_Handler                                       build/stm32f4xx_it.o
OTG_FS_IRQHandler                                 build/startup_stm32f411xe.o
OTG_FS_WKUP_IRQHandler                            build/startup_stm32f411xe.o
PVD_IRQHandler                                    build/startup_stm32f411xe.o
PWM                                               build/motor_dc.o
PendSV_Handler                                    build/stm32f4xx_it.o
RCC_IRQHandler                                    build/startup_stm32f411xe.o
RTC_Alarm_IRQHandler                              build/startup_stm32f411xe.o
RTC_WKUP_IRQHandler                               build/startup_stm32f411xe.o
Reset_Handler                                     build/startup_stm32f411xe.o
SDIO_IRQHandler                                   build/startup_stm32f411xe.o
SPI1_IRQHandler                                   build/startup_stm32f411xe.o
SPI2_IRQHandler                                   build/startup_stm32f411xe.o
SPI3_IRQHandler                                   build/startup_stm32f411xe.o
SPI4_IRQHandler                                   build/startup_stm32f411xe.o
SPI5_IRQHandler                                   build/startup_stm32f411xe.o
SVC_Handler                                       build/stm32f4xx_it.o
SysTick_Handler                                   build/stm32f4xx_it.o
SystemClock_Config                                build/main.o
SystemCoreClock                                   build/system_stm32f4xx.o
                                                  build/stm32f4xx_hal_i2c.o
                                                  build/stm32f4xx_hal.o
                                                  build/stm32f4xx_hal_dma.o
                                                  build/stm32f4xx_hal_rcc_ex.o
                                                  build/stm32f4xx_hal_rcc.o
                                                  build/stm32f4xx_hal_adc_ex.o
                                                  build/stm32f4xx_hal_adc.o
SystemCoreClockUpdate                             build/system_stm32f4xx.o
SystemInit                                        build/system_stm32f4xx.o
                                                  build/startup_stm32f411xe.o
TAMP_STAMP_IRQHandler                             build/startup_stm32f411xe.o
TIM1_BRK_TIM9_IRQHandler                          build/startup_stm32f411xe.o
TIM1_CC_IRQHandler                                build/startup_stm32f411xe.o
TIM1_TRG_COM_TIM11_IRQHandler                     build/startup_stm32f411xe.o
TIM1_UP_TIM10_IRQHandler                          build/startup_stm32f411xe.o